Component: ARM Compiler 5.06 update 6 (build 750) Tool: armlink [4d35ed]

==============================================================================

Section Cross References

    startup_stm32f10x_md.o(RESET) refers to startup_stm32f10x_md.o(STACK) for __initial_sp
    startup_stm32f10x_md.o(RESET) refers to startup_stm32f10x_md.o(.text) for Reset_Handler
    startup_stm32f10x_md.o(RESET) refers to key.o(.text) for EXTI9_5_IRQHandler
    startup_stm32f10x_md.o(RESET) refers to timer.o(.text) for TIM1_UP_IRQHandler
    startup_stm32f10x_md.o(RESET) refers to usart.o(.text) for USART1_IRQHandler
    startup_stm32f10x_md.o(RESET) refers to usart2.o(.text) for USART2_IRQHandler
    startup_stm32f10x_md.o(.text) refers to system_stm32f10x.o(.text) for SystemInit
    startup_stm32f10x_md.o(.text) refers to entry.o(.ARM.Collect$$$$00000000) for __main
    main.o(.text) refers to stm32f10x_rcc.o(.text) for RCC_APB2PeriphClockCmd
    main.o(.text) refers to stm32f10x_gpio.o(.text) for GPIO_Init
    main.o(.text) refers to oled.o(.text) for OLED_ShowCHinese
    main.o(.text) refers to key.o(.text) for key_load
    main.o(.text) refers to delay.o(.text) for delay_ms
    main.o(.text) refers to main.o(.data) for xianshi
    main.o(.text) refers to as608_use.o(.text) for Add_FR
    main.o(.text) refers to usart.o(.text) for uart_init
    main.o(.text) refers to usart2.o(.text) for usart2_init
    main.o(.text) refers to as608.o(.text) for PS_HandShake
    main.o(.text) refers to beep.o(.text) for BEEP_Init
    main.o(.text) refers to pwm.o(.text) for init_hardware_pwm
    main.o(.text) refers to stm32f10x_tim.o(.text) for TIM_SetCompare3
    main.o(.text) refers to as608.o(.data) for AS608Addr
    main.o(.text) refers to main.o(.bss) for AS608Para
    delay.o(.text) refers to misc.o(.text) for SysTick_CLKSourceConfig
    delay.o(.text) refers to system_stm32f10x.o(.data) for SystemCoreClock
    delay.o(.text) refers to delay.o(.data) for fac_us
    usart.o(.text) refers to stm32f10x_rcc.o(.text) for RCC_APB2PeriphClockCmd
    usart.o(.text) refers to stm32f10x_gpio.o(.text) for GPIO_Init
    usart.o(.text) refers to misc.o(.text) for NVIC_Init
    usart.o(.text) refers to stm32f10x_usart.o(.text) for USART_Init
    usart.o(.text) refers to usart.o(.data) for USART_RX_STA
    usart.o(.text) refers to usart.o(.bss) for USART_RX_BUF
    as608.o(.text) refers to stm32f10x_rcc.o(.text) for RCC_APB2PeriphClockCmd
    as608.o(.text) refers to stm32f10x_gpio.o(.text) for GPIO_Init
    as608.o(.text) refers to delay.o(.text) for delay_ms
    as608.o(.text) refers to strstr.o(.text) for strstr
    as608.o(.text) refers to printfa.o(i.__0printf) for __2printf
    as608.o(.text) refers to as608.o(.data) for AS608Addr
    as608.o(.text) refers to usart2.o(.data) for USART2_RX_STA
    as608.o(.text) refers to usart2.o(.bss) for USART2_RX_BUF
    as608_use.o(.text) refers to as608.o(.text) for EnsureMessage
    as608_use.o(.text) refers to printfa.o(i.__0printf) for __2printf
    as608_use.o(.text) refers to oled.o(.text) for OLED_Clear
    as608_use.o(.text) refers to delay.o(.text) for delay_ms
    as608_use.o(.text) refers to main.o(.bss) for AS608Para
    as608_use.o(.text) refers to main.o(.data) for suo_flag
    usart2.o(.text) refers to stm32f10x_usart.o(.text) for USART_GetITStatus
    usart2.o(.text) refers to stm32f10x_tim.o(.text) for TIM_SetCounter
    usart2.o(.text) refers to stm32f10x_rcc.o(.text) for RCC_APB2PeriphClockCmd
    usart2.o(.text) refers to stm32f10x_gpio.o(.text) for GPIO_Init
    usart2.o(.text) refers to misc.o(.text) for NVIC_Init
    usart2.o(.text) refers to timer.o(.text) for TIM4_Int_Init
    usart2.o(.text) refers to printfa.o(i.__0vsprintf) for vsprintf
    usart2.o(.text) refers to strlen.o(.text) for strlen
    usart2.o(.text) refers to usart2.o(.data) for USART2_RX_STA
    usart2.o(.text) refers to usart2.o(.bss) for USART2_RX_BUF
    timer.o(.text) refers to stm32f10x_tim.o(.text) for TIM_GetITStatus
    timer.o(.text) refers to stm32f10x_rcc.o(.text) for RCC_APB1PeriphClockCmd
    timer.o(.text) refers to misc.o(.text) for NVIC_Init
    timer.o(.text) refers to usart2.o(.data) for USART2_RX_STA
    key.o(.text) refers to stm32f10x_rcc.o(.text) for RCC_APB2PeriphClockCmd
    key.o(.text) refers to stm32f10x_exti.o(.text) for EXTI_Init
    key.o(.text) refers to stm32f10x_gpio.o(.text) for GPIO_EXTILineConfig
    key.o(.text) refers to misc.o(.text) for NVIC_PriorityGroupConfig
    key.o(.text) refers to delay.o(.text) for delay_ms
    key.o(.text) refers to printfa.o(i.__0printf) for __2printf
    key.o(.text) refers to key.o(.data) for linflag
    key.o(.text) refers to main.o(.data) for key
    beep.o(.text) refers to stm32f10x_rcc.o(.text) for RCC_APB2PeriphClockCmd
    beep.o(.text) refers to stm32f10x_gpio.o(.text) for GPIO_Init
    oled.o(.text) refers to stm32f10x_gpio.o(.text) for GPIO_SetBits
    oled.o(.text) refers to oled.o(.constdata) for F8X16
[...]
    printf2.o(i.__0vsnprintf$2) refers to printf2.o(i._snputc) for _snputc
    printf2.o(i.__0vsprintf$2) refers to printf2.o(i._printf_core) for _printf_core
    printf2.o(i.__0vsprintf$2) refers to printf2.o(i._sputc) for _sputc
    printf3.o(i.__0fprintf$3) refers to printf3.o(i._printf_core) for _printf_core
    printf3.o(i.__0fprintf$3) refers to usart.o(.text) for fputc
    printf3.o(i.__0printf$3) refers to printf3.o(i._printf_core) for _printf_core
    printf3.o(i.__0printf$3) refers to usart.o(.text) for fputc
    printf3.o(i.__0printf$3) refers to usart.o(.data) for __stdout
    printf3.o(i.__0snprintf$3) refers to printf3.o(i._printf_core) for _printf_core
    printf3.o(i.__0snprintf$3) refers to printf3.o(i._snputc) for _snputc
    printf3.o(i.__0sprintf$3) refers to printf3.o(i._printf_core) for _printf_core
    printf3.o(i.__0sprintf$3) refers to printf3.o(i._sputc) for _sputc
    printf3.o(i.__0vfprintf$3) refers to printf3.o(i._printf_core) for _printf_core
    printf3.o(i.__0vfprintf$3) refers to usart.o(.text) for fputc
    printf3.o(i.__0vprintf$3) refers to printf3.o(i._printf_core) for _printf_core
    printf3.o(i.__0vprintf$3) refers to usart.o(.text) for fputc
    printf3.o(i.__0vprintf$3) refers to usart.o(.data) for __stdout
    printf3.o(i.__0vsnprintf$3) refers to printf3.o(i._printf_core) for _printf_core
    printf3.o(i.__0vsnprintf$3) refers to printf3.o(i._snputc) for _snputc
    printf3.o(i.__0vsprintf$3) refers to printf3.o(i._printf_core) for _printf_core
    printf3.o(i.__0vsprintf$3) refers to printf3.o(i._sputc) for _sputc
    printf3.o(i._printf_core) refers to uidiv.o(.text) for __aeabi_uidivmod
    printf4.o(i.__0fprintf$4) refers to printf4.o(i._printf_core) for _printf_core
    printf4.o(i.__0fprintf$4) refers to usart.o(.text) for fputc
    printf4.o(i.__0printf$4) refers to printf4.o(i._printf_core) for _printf_core
    printf4.o(i.__0printf$4) refers to usart.o(.text) for fputc
    printf4.o(i.__0printf$4) refers to usart.o(.data) for __stdout
    printf4.o(i.__0snprintf$4) refers to printf4.o(i._printf_core) for _printf_core
    printf4.o(i.__0snprintf$4) refers to printf4.o(i._snputc) for _snputc
    printf4.o(i.__0sprintf$4) refers to printf4.o(i._printf_core) for _printf_core
    printf4.o(i.__0sprintf$4) refers to printf4.o(i._sputc) for _sputc
    printf4.o(i.__0vfprintf$4) refers to printf4.o(i._printf_core) for _printf_core
    printf4.o(i.__0vfprintf$4) refers to usart.o(.text) for fputc
    printf4.o(i.__0vprintf$4) refers to printf4.o(i._printf_core) for _printf_core
    printf4.o(i.__0vprintf$4) refers to usart.o(.text) for fputc
    printf4.o(i.__0vprintf$4) refers to usart.o(.data) for __stdout
    printf4.o(i.__0vsnprintf$4) refers to printf4.o(i._printf_core) for _printf_core
    printf4.o(i.__0vsnprintf$4) refers to printf4.o(i._snputc) for _snputc
    printf4.o(i.__0vsprintf$4) refers to printf4.o(i._printf_core) for _printf_core
    printf4.o(i.__0vsprintf$4) refers to printf4.o(i._sputc) for _sputc
    printf4.o(i._printf_core) refers to uldiv.o(.text) for __aeabi_uldivmod
    printf5.o(i.__0fprintf$5) refers to printf5.o(i._printf_core) for _printf_core
    printf5.o(i.__0fprintf$5) refers to usart.o(.text) for fputc
    printf5.o(i.__0printf$5) refers to printf5.o(i._printf_core) for _printf_core
    printf5.o(i.__0printf$5) refers to usart.o(.text) for fputc
    printf5.o(i.__0printf$5) refers to usart.o(.data) for __stdout
    printf5.o(i.__0snprintf$5) refers to printf5.o(i._printf_core) for _printf_core
    printf5.o(i.__0snprintf$5) refers to printf5.o(i._snputc) for _snputc
    printf5.o(i.__0sprintf$5) refers to printf5.o(i._printf_core) for _printf_core
    printf5.o(i.__0sprintf$5) refers to printf5.o(i._sputc) for _sputc
    printf5.o(i.__0vfprintf$5) refers to printf5.o(i._printf_core) for _printf_core
    printf5.o(i.__0vfprintf$5) refers to usart.o(.text) for fputc
    printf5.o(i.__0vprintf$5) refers to printf5.o(i._printf_core) for _printf_core
    printf5.o(i.__0vprintf$5) refers to usart.o(.text) for fputc
    printf5.o(i.__0vprintf$5) refers to usart.o(.data) for __stdout
    printf5.o(i.__0vsnprintf$5) refers to printf5.o(i._printf_core) for _printf_core
    printf5.o(i.__0vsnprintf$5) refers to printf5.o(i._snputc) for _snputc
    printf5.o(i.__0vsprintf$5) refers to printf5.o(i._printf_core) for _printf_core
    printf5.o(i.__0vsprintf$5) refers to printf5.o(i._sputc) for _sputc
    printf5.o(i._printf_core) refers to uldiv.o(.text) for __aeabi_uldivmod
    printf6.o(i.__0fprintf$6) refers to printf6.o(i._printf_core) for _printf_core
    printf6.o(i.__0fprintf$6) refers to usart.o(.text) for fputc
    printf6.o(i.__0printf$6) refers to printf6.o(i._printf_core) for _printf_core
    printf6.o(i.__0printf$6) refers to usart.o(.text) for fputc
    printf6.o(i.__0printf$6) refers to usart.o(.data) for __stdout
    printf6.o(i.__0snprintf$6) refers to printf6.o(i._printf_core) for _printf_core
    printf6.o(i.__0snprintf$6) refers to printf6.o(i._snputc) for _snputc
    printf6.o(i.__0sprintf$6) refers to printf6.o(i._printf_core) for _printf_core
    printf6.o(i.__0sprintf$6) refers to printf6.o(i._sputc) for _sputc
    printf6.o(i.__0vfprintf$6) refers to printf6.o(i._printf_core) for _printf_core
    printf6.o(i.__0vfprintf$6) refers to usart.o(.text) for fputc
    printf6.o(i.__0vprintf$6) refers to printf6.o(i._printf_core) for _printf_core
    printf6.o(i.__0vprintf$6) refers to usart.o(.text) for fputc
    printf6.o(i.__0vprintf$6) refers to usart.o(.data) for __stdout
    printf6.o(i.__0vsnprintf$6) refers to printf6.o(i._printf_core) for _printf_core
    printf6.o(i.__0vsnprintf$6) refers to printf6.o(i._snputc) for _snputc
    printf6.o(i.__0vsprintf$6) refers to printf6.o(i._printf_core) for _printf_core
    printf6.o(i.__0vsprintf$6) refers to printf6.o(i._sputc) for _sputc
    printf6.o(i._printf_core) refers to printf6.o(i._printf_pre_padding) for _printf_pre_padding
    printf6.o(i._printf_core) refers to uidiv.o(.text) for __aeabi_uidivmod
    printf6.o(i._printf_core) refers to printf6.o(i._printf_post_padding) for _printf_post_padding
    printf7.o(i.__0fprintf$7) refers to printf7.o(i._printf_core) for _printf_core
    printf7.o(i.__0fprintf$7) refers to usart.o(.text) for fputc
    printf7.o(i.__0printf$7) refers to printf7.o(i._printf_core) for _printf_core
    printf7.o(i.__0printf$7) refers to usart.o(.text) for fputc
    printf7.o(i.__0printf$7) refers to usart.o(.data) for __stdout
    printf7.o(i.__0snprintf$7) refers to printf7.o(i._printf_core) for _printf_core
    printf7.o(i.__0snprintf$7) refers to printf7.o(i._snputc) for _snputc
    printf7.o(i.__0sprintf$7) refers to printf7.o(i._printf_core) for _printf_core
    printf7.o(i.__0sprintf$7) refers to printf7.o(i._sputc) for _sputc
    printf7.o(i.__0vfprintf$7) refers to printf7.o(i._printf_core) for _printf_core
    printf7.o(i.__0vfprintf$7) refers to usart.o(.text) for fputc
    printf7.o(i.__0vprintf$7) refers to printf7.o(i._printf_core) for _printf_core
    printf7.o(i.__0vprintf$7) refers to usart.o(.text) for fputc
    printf7.o(i.__0vprintf$7) refers to usart.o(.data) for __stdout
    printf7.o(i.__0vsnprintf$7) refers to printf7.o(i._printf_core) for _printf_core
    printf7.o(i.__0vsnprintf$7) refers to printf7.o(i._snputc) for _snputc
    printf7.o(i.__0vsprintf$7) refers to printf7.o(i._printf_core) for _printf_core
    printf7.o(i.__0vsprintf$7) refers to printf7.o(i._sputc) for _sputc
    printf7.o(i._printf_core) refers to printf7.o(i._printf_pre_padding) for _printf_pre_padding
    printf7.o(i._printf_core) refers to uldiv.o(.text) for __aeabi_uldivmod
    printf7.o(i._printf_core) refers to printf7.o(i._printf_post_padding) for _printf_post_padding
    printf8.o(i.__0fprintf$8) refers to printf8.o(i._printf_core) for _printf_core
    printf8.o(i.__0fprintf$8) refers to usart.o(.text) for fputc
    printf8.o(i.__0printf$8) refers to printf8.o(i._printf_core) for _printf_core
    printf8.o(i.__0printf$8) refers to usart.o(.text) for fputc
    printf8.o(i.__0printf$8) refers to usart.o(.data) for __stdout
    printf8.o(i.__0snprintf$8) refers to printf8.o(i._printf_core) for _printf_core
    printf8.o(i.__0snprintf$8) refers to printf8.o(i._snputc) for _snputc
    printf8.o(i.__0sprintf$8) refers to printf8.o(i._printf_core) for _printf_core
    printf8.o(i.__0sprintf$8) refers to printf8.o(i._sputc) for _sputc
    printf8.o(i.__0vfprintf$8) refers to printf8.o(i._printf_core) for _printf_core
    printf8.o(i.__0vfprintf$8) refers to usart.o(.text) for fputc
    printf8.o(i.__0vprintf$8) refers to printf8.o(i._printf_core) for _printf_core
    printf8.o(i.__0vprintf$8) refers to usart.o(.text) for fputc
    printf8.o(i.__0vprintf$8) refers to usart.o(.data) for __stdout
    printf8.o(i.__0vsnprintf$8) refers to printf8.o(i._printf_core) for _printf_core
    printf8.o(i.__0vsnprintf$8) refers to printf8.o(i._snputc) for _snputc
    printf8.o(i.__0vsprintf$8) refers to printf8.o(i._printf_core) for _printf_core
    printf8.o(i.__0vsprintf$8) refers to printf8.o(i._sputc) for _sputc
    printf8.o(i._printf_core) refers to printf8.o(i._printf_pre_padding) for _printf_pre_padding
    printf8.o(i._printf_core) refers to uldiv.o(.text) for __aeabi_uldivmod
    printf8.o(i._printf_core) refers to printf8.o(i._printf_post_padding) for _printf_post_padding
    printfa.o(i.__0fprintf) refers (Special) to iusefp.o(.text) for __I$use$fp
    printfa.o(i.__0fprintf) refers to printfa.o(i._printf_core) for _printf_core
    printfa.o(i.__0fprintf) refers to usart.o(.text) for fputc
    printfa.o(i.__0printf) refers (Special) to iusefp.o(.text) for __I$use$fp
    printfa.o(i.__0printf) refers to printfa.o(i._printf_core) for _printf_core
    printfa.o(i.__0printf) refers to usart.o(.text) for fputc
    printfa.o(i.__0printf) refers to usart.o(.data) for __stdout
    printfa.o(i.__0snprintf) refers (Special) to iusefp.o(.text) for __I$use$fp
    printfa.o(i.__0snprintf) refers to printfa.o(i._printf_core) for _printf_core
    printfa.o(i.__0snprintf) refers to printfa.o(i._snputc) for _snputc
    printfa.o(i.__0sprintf) refers (Special) to iusefp.o(.text) for __I$use$fp
    printfa.o(i.__0sprintf) refers to printfa.o(i._printf_core) for _printf_core
    printfa.o(i.__0sprintf) refers to printfa.o(i._sputc) for _sputc
    printfa.o(i.__0vfprintf) refers (Special) to iusefp.o(.text) for __I$use$fp
    printfa.o(i.__0vfprintf) refers to printfa.o(i._printf_core) for _printf_core
    printfa.o(i.__0vfprintf) refers to usart.o(.text) for fputc
    printfa.o(i.__0vprintf) refers (Special) to iusefp.o(.text) for __I$use$fp
    printfa.o(i.__0vprintf) refers to printfa.o(i._printf_core) for _printf_core
    printfa.o(i.__0vprintf) refers to usart.o(.text) for fputc
    printfa.o(i.__0vprintf) refers to usart.o(.data) for __stdout
    printfa.o(i.__0vsnprintf) refers (Special) to iusefp.o(.text) for __I$use$fp
    printfa.o(i.__0vsnprintf) refers to printfa.o(i._printf_core) for _printf_core
    printfa.o(i.__0vsnprintf) refers to printfa.o(i._snputc) for _snputc
    printfa.o(i.__0vsprintf) refers (Special) to iusefp.o(.text) for __I$use$fp
    printfa.o(i.__0vsprintf) refers to printfa.o(i._printf_core) for _printf_core
    printfa.o(i.__0vsprintf) refers to printfa.o(i._sputc) for _sputc
    printfa.o(i._fp_digits) refers (Special) to iusefp.o(.text) for __I$use$fp
    printfa.o(i._fp_digits) refers to dmul.o(.text) for __aeabi_dmul
    printfa.o(i._fp_digits) refers to ddiv.o(.text) for __aeabi_ddiv
    printfa.o(i._fp_digits) refers to cdrcmple.o(.text) for __aeabi_cdrcmple
    printfa.o(i._fp_digits) refers to dadd.o(.text) for __aeabi_dadd
    printfa.o(i._fp_digits) refers to dfixul.o(.text) for __aeabi_d2ulz
    printfa.o(i._fp_digits) refers to uldiv.o(.text) for __aeabi_uldivmod
    printfa.o(i._printf_core) refers (Special) to iusefp.o(.text) for __I$use$fp
    printfa.o(i._printf_core) refers to printfa.o(i._printf_pre_padding) for _printf_pre_padding
    printfa.o(i._printf_core) refers to uldiv.o(.text) for __aeabi_uldivmod
    printfa.o(i._printf_core) refers to printfa.o(i._printf_post_padding) for _printf_post_padding
    printfa.o(i._printf_core) refers to printfa.o(i._fp_digits) for _fp_digits
    printfa.o(i._printf_core) refers to uidiv.o(.text) for __aeabi_uidivmod
    printfa.o(i._printf_post_padding) refers (Special) to iusefp.o(.text) for __I$use$fp
    printfa.o(i._printf_pre_padding) refers (Special) to iusefp.o(.text) for __I$use$fp
    printfa.o(i._snputc) refers (Special) to iusefp.o(.text) for __I$use$fp
    printfa.o(i._sputc) refers (Special) to iusefp.o(.text) for __I$use$fp
    malloc.o(i.free) refers to mvars.o(.data) for __microlib_freelist
    malloc.o(i.malloc) refers to mvars.o(.data) for __microlib_freelist_initialised
    malloc.o(i.malloc) refers to mvars.o(.data) for __microlib_freelist
    malloc.o(i.malloc) refers to startup_stm32f10x_md.o(HEAP) for __heap_base
    mallocr.o(i.__free$realloc) refers to mvars.o(.data) for __microlib_freelist
    mallocr.o(i.__malloc$realloc) refers to mallocr.o(i.internal_alloc) for internal_alloc
    mallocr.o(i.__malloc$realloc) refers to mvars.o(.data) for __microlib_freelist_initialised
    mallocr.o(i.__malloc$realloc) refers to startup_stm32f10x_md.o(HEAP) for __heap_base
    mallocr.o(i.__malloc$realloc) refers to mvars.o(.data) for __microlib_freelist
    mallocr.o(i.internal_alloc) refers to memcpya.o(.text) for __aeabi_memcpy
    mallocr.o(i.internal_alloc) refers to mvars.o(.data) for __microlib_freelist
    mallocr.o(i.realloc) refers to mallocr.o(i.__free$realloc) for __free$realloc
    mallocr.o(i.realloc) refers to mallocr.o(i.internal_alloc) for internal_alloc
    mallocr.o(i.realloc) refers to mallocr.o(i.__malloc$realloc) for __malloc$realloc
    mallocr.o(i.realloc) refers to mvars.o(.data) for __microlib_freelist
    malloca.o(i.__aligned_malloc) refers to mvars.o(.data) for __microlib_freelist_initialised
    malloca.o(i.__aligned_malloc) refers to mvars.o(.data) for __microlib_freelist
    malloca.o(i.__aligned_malloc) refers to startup_stm32f10x_md.o(HEAP) for __heap_base
    malloca.o(i.__free$memalign) refers to mvars.o(.data) for __microlib_freelist
    malloca.o(i.__malloc$memalign) refers to malloca.o(i.__aligned_malloc) for __aligned_malloc
    mallocra.o(i.__aligned_malloc$realloc) refers to mallocra.o(i.internal_alloc) for internal_alloc
    mallocra.o(i.__aligned_malloc$realloc) refers to mvars.o(.data) for __microlib_freelist_initialised
    mallocra.o(i.__aligned_malloc$realloc) refers to startup_stm32f10x_md.o(HEAP) for __heap_base
    mallocra.o(i.__aligned_malloc$realloc) refers to mvars.o(.data) for __microlib_freelist
    mallocra.o(i.__free$realloc$memalign) refers to mvars.o(.data) for __microlib_freelist
    mallocra.o(i.__malloc$realloc$memalign) refers to mallocra.o(i.__aligned_malloc$realloc) for __aligned_malloc$realloc
    mallocra.o(i.__realloc$memalign) refers to mallocra.o(i.__free$realloc$memalign) for __free$realloc$memalign
    mallocra.o(i.__realloc$memalign) refers to mallocra.o(i.internal_alloc) for internal_alloc
    mallocra.o(i.__realloc$memalign) refers to mallocra.o(i.__malloc$realloc$memalign) for __malloc$realloc$memalign
    mallocra.o(i.__realloc$memalign) refers to mvars.o(.data) for __microlib_freelist
    mallocra.o(i.internal_alloc) refers to memcpya.o(.text) for __aeabi_memcpy
    mallocra.o(i.internal_alloc) refers to mvars.o(.data) for __microlib_freelist
    f2d.o(.text) refers (Special) to iusefp.o(.text) for __I$use$fp
    entry2.o(.ARM.Collect$$$$00000001) refers to entry2.o(.ARM.Collect$$$$00002712) for __lit__00000000
    entry2.o(.ARM.Collect$$$$00002712) refers to startup_stm32f10x_md.o(STACK) for __initial_sp
    entry2.o(__vectab_stack_and_reset_area) refers to startup_stm32f10x_md.o(STACK) for __initial_sp
    entry2.o(__vectab_stack_and_reset_area) refers to entry.o(.ARM.Collect$$$$00000000) for __main
    entry5.o(.ARM.Collect$$$$00000004) refers to init.o(.text) for __scatterload
    entry9a.o(.ARM.Collect$$$$0000000B) refers to main.o(.text) for main
    entry9b.o(.ARM.Collect$$$$0000000C) refers to main.o(.text) for main
    uldiv.o(.text) refers to llushr.o(.text) for __aeabi_llsr
    uldiv.o(.text) refers to llshl.o(.text) for __aeabi_llsl
    dadd.o(.text) refers to llshl.o(.text) for __aeabi_llsl
    dadd.o(.text) refers to llsshr.o(.text) for __aeabi_lasr
    dadd.o(.text) refers to depilogue.o(.text) for _double_epilogue
    dmul.o(.text) refers to depilogue.o(.text) for _double_epilogue
    ddiv.o(.text) refers to depilogue.o(.text) for _double_round
    dfixul.o(.text) refers to llushr.o(.text) for __aeabi_llsr
    dfixul.o(.text) refers to llshl.o(.text) for __aeabi_llsl
    init.o(.text) refers to entry5.o(.ARM.Collect$$$$00000004) for __main_after_scatterload
    depilogue.o(.text) refers to llshl.o(.text) for __aeabi_llsl
    depilogue.o(.text) refers to llushr.o(.text) for __aeabi_llsr


==============================================================================

Removing Unused input sections from the image.

    Removing stm32f10x_flash.o(.text), (1468 bytes).
    Removing stm32f10x_fsmc.o(.text), (1548 bytes).
    Removing stm32f10x_i2c.o(.text), (1028 bytes).
    Removing core_cm3.o(.emb_text), (32 bytes).

4 unused section(s) (total 4076 bytes) removed from the image.

==============================================================================

Image Symbol Table

    Local Symbols

    Symbol Name                              Value     Ov Type        Size  Object(Section)

    ../clib/../cmprslib/lz77c.c              0x00000000   Number         0  __dclz77c.o ABSOLUTE
    ../clib/microlib/division.c              0x00000000   Number         0  uidiv.o ABSOLUTE
    ../clib/microlib/division.c              0x00000000   Number         0  uldiv.o ABSOLUTE
    ../clib/microlib/init/entry.s            0x00000000   Number         0  entry11a.o ABSOLUTE
    ../clib/microlib/init/entry.s            0x00000000   Number         0  entry11b.o ABSOLUTE
    ../clib/microlib/init/entry.s            0x00000000   Number         0  entry2.o ABSOLUTE
    ../clib/microlib/init/entry.s            0x00000000   Number         0  entry9a.o ABSOLUTE
    ../clib/microlib/init/entry.s            0x00000000   Number         0  entry9b.o ABSOLUTE
    ../clib/microlib/init/entry.s            0x00000000   Number         0  entry10a.o ABSOLUTE
    ../clib/microlib/init/entry.s            0x00000000   Number         0  entry10b.o ABSOLUTE
    ../clib/microlib/init/entry.s            0x00000000   Number         0  entry.o ABSOLUTE
    ../clib/microlib/init/entry.s            0x00000000   Number         0  entry8b.o ABSOLUTE
    ../clib/microlib/init/entry.s            0x00000000   Number         0  entry8a.o ABSOLUTE
    ../clib/microlib/init/entry.s            0x00000000   Number         0  entry5.o ABSOLUTE
    ../clib/microlib/init/entry.s            0x00000000   Number         0  entry7b.o ABSOLUTE
    ../clib/microlib/init/entry.s            0x00000000   Number         0  entry7a.o ABSOLUTE
    ../clib/microlib/longlong.c              0x00000000   Number         0  llushr.o ABSOLUTE
    ../clib/microlib/longlong.c              0x00000000   Number         0  llshl.o ABSOLUTE
    ../clib/microlib/longlong.c              0x00000000   Number         0  llsshr.o ABSOLUTE
    ../clib/microlib/malloc/malloc.c         0x00000000   Number         0  malloc.o ABSOLUTE
    ../clib/microlib/malloc/malloc.c         0x00000000   Number         0  malloca.o ABSOLUTE
    ../clib/microlib/malloc/malloc.c         0x00000000   Number         0  mallocr.o ABSOLUTE
    ../clib/microlib/malloc/malloc.c         0x00000000   Number         0  mallocra.o ABSOLUTE
    ../clib/microlib/malloc/mvars.c          0x00000000   Number         0  mvars.o ABSOLUTE
    ../clib/microlib/printf/printf.c         0x00000000   Number         0  printf8.o ABSOLUTE
    ../clib/microlib/printf/printf.c         0x00000000   Number         0  printf3.o ABSOLUTE
    ../clib/microlib/printf/printf.c         0x00000000   Number         0  printfa.o ABSOLUTE
    ../clib/microlib/printf/printf.c         0x00000000   Number         0  printf2.o ABSOLUTE
    ../clib/microlib/printf/printf.c         0x00000000   Number         0  printf1.o ABSOLUTE
    ../clib/microlib/printf/printf.c         0x00000000   Number         0  printf0.o ABSOLUTE
    ../clib/microlib/printf/printf.c         0x00000000   Number         0  printf6.o ABSOLUTE
    ../clib/microlib/printf/printf.c         0x00000000   Number         0  printfb.o ABSOLUTE
    ../clib/microlib/printf/printf.c         0x00000000   Number         0  printf4.o ABSOLUTE
    ../clib/microlib/printf/printf.c         0x00000000   Number         0  printf5.o ABSOLUTE
    ../clib/microlib/printf/printf.c         0x00000000   Number         0  printf7.o ABSOLUTE
    ../clib/microlib/printf/stubs.s          0x00000000   Number         0  stubs.o ABSOLUTE
    ../clib/microlib/string/memcpy.c         0x00000000   Number         0  memcpyb.o ABSOLUTE
    ../clib/microlib/string/memcpy.c         0x00000000   Number         0  memcpya.o ABSOLUTE
    ../clib/microlib/string/strlen.c         0x00000000   Number         0  strlen.o ABSOLUTE
    ../clib/microlib/string/strstr.c         0x00000000   Number         0  strstr.o ABSOLUTE
    ../clib/microlib/stubs.s                 0x00000000   Number         0  useno.o ABSOLUTE
    ../clib/microlib/stubs.s                 0x00000000   Number         0  iusefp.o ABSOLUTE
    ../fplib/microlib/f2d.c                  0x00000000   Number         0  f2d.o ABSOLUTE
    ../fplib/microlib/fpadd.c                0x00000000   Number         0  dadd.o ABSOLUTE
    ../fplib/microlib/fpdiv.c                0x00000000   Number         0  ddiv.o ABSOLUTE
    ../fplib/microlib/fpepilogue.c           0x00000000   Number         0  depilogue.o ABSOLUTE
    ../fplib/microlib/fpfix.c                0x00000000   Number         0  dfixul.o ABSOLUTE
    ../fplib/microlib/fpmul.c                0x00000000   Number         0  dmul.o ABSOLUTE
    CMSIS\\core_cm3.c                        0x00000000   Number         0  core_cm3.o ABSOLUTE
    CMSIS\core_cm3.c                         0x00000000   Number         0  core_cm3.o ABSOLUTE
    CMSIS\startup\arm\startup_stm32f10x_md.s 0x00000000   Number         0  startup_stm32f10x_md.o ABSOLUTE
    CMSIS\system_stm32f10x.c                 0x00000000   Number         0  system_stm32f10x.o ABSOLUTE
    FWlib\src\misc.c                         0x00000000   Number         0  misc.o ABSOLUTE
    FWlib\src\stm32f10x_exti.c               0x00000000   Number         0  stm32f10x_exti.o ABSOLUTE
    FWlib\src\stm32f10x_flash.c              0x00000000   Number         0  stm32f10x_flash.o ABSOLUTE
    FWlib\src\stm32f10x_fsmc.c               0x00000000   Number         0  stm32f10x_fsmc.o ABSOLUTE
    FWlib\src\stm32f10x_gpio.c               0x00000000   Number         0  stm32f10x_gpio.o ABSOLUTE
    FWlib\src\stm32f10x_i2c.c                0x00000000   Number         0  stm32f10x_i2c.o ABSOLUTE
    FWlib\src\stm32f10x_rcc.c                0x00000000   Number         0  stm32f10x_rcc.o ABSOLUTE
    FWlib\src\stm32f10x_tim.c                0x00000000   Number         0  stm32f10x_tim.o ABSOLUTE
    FWlib\src\stm32f10x_usart.c              0x00000000   Number         0  stm32f10x_usart.o ABSOLUTE
    USER\AS608\AS608_use.c                   0x00000000   Number         0  as608_use.o ABSOLUTE
    USER\AS608\as608.c                       0x00000000   Number         0  as608.o ABSOLUTE
    USER\BEEP\beep.c                         0x00000000   Number         0  beep.o ABSOLUTE
    USER\DELAY\delay.c                       0x00000000   Number         0  delay.o ABSOLUTE
    USER\KEY\key.c                           0x00000000   Number         0  key.o ABSOLUTE
    USER\OLED\oled.c                         0x00000000   Number         0  oled.o ABSOLUTE
    USER\PWM\pwm.c                           0x00000000   Number         0  pwm.o ABSOLUTE
    USER\TIMER\timer.c                       0x00000000   Number         0  timer.o ABSOLUTE
    USER\USART2\usart2.c                     0x00000000   Number         0  usart2.o ABSOLUTE
    USER\main.c                              0x00000000   Number         0  main.o ABSOLUTE
    USER\stm32f10x_it.c                      0x00000000   Number         0  stm32f10x_it.o ABSOLUTE
    USER\usart\usart.c                       0x00000000   Number         0  usart.o ABSOLUTE
    cdrcmple.s                               0x00000000   Number         0  cdrcmple.o ABSOLUTE
    dc.s                                     0x00000000   Number         0  dc.o ABSOLUTE
    handlers.s                               0x00000000   Number         0  handlers.o ABSOLUTE
    init.s                                   0x00000000   Number         0  init.o ABSOLUTE
    RESET                                    0x08000000   Section      236  startup_stm32f10x_md.o(RESET)
    .ARM.Collect$$$$00000000                 0x080000ec   Section        0  entry.o(.ARM.Collect$$$$00000000)
    .ARM.Collect$$$$00000001                 0x080000ec   Section        4  entry2.o(.ARM.Collect$$$$00000001)
    .ARM.Collect$$$$00000004                 0x080000f0   Section        4  entry5.o(.ARM.Collect$$$$00000004)
    .ARM.Collect$$$$00000008                 0x080000f4   Section        0  entry7b.o(.ARM.Collect$$$$00000008)
    .ARM.Collect$$$$0000000A                 0x080000f4   Section        0  entry8b.o(.ARM.Collect$$$$0000000A)
    .ARM.Collect$$$$0000000B                 0x080000f4   Section        8  entry9a.o(.ARM.Collect$$$$0000000B)
    .ARM.Collect$$$$0000000D                 0x080000fc   Section        0  entry10a.o(.ARM.Collect$$$$0000000D)
    .ARM.Collect$$$$0000000F                 0x080000fc   Section        0  entry11a.o(.ARM.Collect$$$$0000000F)
    .ARM.Collect$$$$00002712                 0x080000fc   Section        4  entry2.o(.ARM.Collect$$$$00002712)
    __lit__00000000                          0x080000fc   Data           4  entry2.o(.ARM.Collect$$$$00002712)
    .text                                    0x08000100   Section       36  startup_stm32f10x_md.o(.text)
    .text                                    0x08000124   Section        0  main.o(.text)
    .text                                    0x08000a44   Section        0  delay.o(.text)
    .text                                    0x08000b30   Section        0  usart.o(.text)
    .text                                    0x08000c70   Section        0  as608.o(.text)
    MYUSART_SendData                         0x08000c97   Thumb Code    22  as608.o(.text)
    SendHead                                 0x08000cad   Thumb Code    16  as608.o(.text)
    SendAddr                                 0x08000cbd   Thumb Code    46  as608.o(.text)
    SendFlag                                 0x08000ceb   Thumb Code    12  as608.o(.text)
    SendLength                               0x08000cf7   Thumb Code    20  as608.o(.text)
    Sendcmd                                  0x08000d0b   Thumb Code    12  as608.o(.text)
    SendCheck                                0x08000d17   Thumb Code    18  as608.o(.text)
    JudgeStr                                 0x08000d29   Thumb Code   130  as608.o(.text)
    .text                                    0x08001734   Section        0  as608_use.o(.text)
    .text                                    0x08001c7c   Section        0  usart2.o(.text)
    .text                                    0x08001f84   Section        0  timer.o(.text)
    .text                                    0x0800209c   Section        0  key.o(.text)
    .text                                    0x080024bc   Section        0  beep.o(.text)
    .text                                    0x080024f0   Section        0  oled.o(.text)
    .text                                    0x08002b08   Section        0  pwm.o(.text)
    .text                                    0x08002bb0   Section        0  misc.o(.text)
    .text                                    0x08002c8c   Section        0  stm32f10x_exti.o(.text)
    .text                                    0x08002da8   Section        0  stm32f10x_gpio.o(.text)
    .text                                    0x08003104   Section        0  stm32f10x_rcc.o(.text)
    .text                                    0x080034a8   Section        0  stm32f10x_usart.o(.text)
    .text                                    0x080038b0   Section        0  stm32f10x_tim.o(.text)
    TI4_Config                               0x08003d57   Thumb Code   130  stm32f10x_tim.o(.text)
    TI3_Config                               0x08003deb   Thumb Code   122  stm32f10x_tim.o(.text)
    TI2_Config                               0x08003e7f   Thumb Code   130  stm32f10x_tim.o(.text)
    TI1_Config                               0x08003f13   Thumb Code   108  stm32f10x_tim.o(.text)
    .text                                    0x080046cc   Section        0  system_stm32f10x.o(.text)
    SetSysClockTo72                          0x080046cd   Thumb Code   214  system_stm32f10x.o(.text)
    SetSysClock                              0x080047a3   Thumb Code     8  system_stm32f10x.o(.text)
    .text                                    0x080048ac   Section        0  strstr.o(.text)
    .text                                    0x080048d0   Section        0  strlen.o(.text)
    .text                                    0x080048de   Section        0  f2d.o(.text)
    .text                                    0x08004904   Section        0  uidiv.o(.text)
    .text                                    0x08004930   Section        0  uldiv.o(.text)
    .text                                    0x08004992   Section        0  iusefp.o(.text)
    .text                                    0x08004992   Section        0  dadd.o(.text)
    .text                                    0x08004ae0   Section        0  dmul.o(.text)
    .text                                    0x08004bc4   Section        0  ddiv.o(.text)
    .text                                    0x08004ca2   Section        0  dfixul.o(.text)
    .text                                    0x08004cd4   Section       48  cdrcmple.o(.text)
    .text                                    0x08004d04   Section       36  init.o(.text)
    .text                                    0x08004d28   Section        0  llshl.o(.text)
    .text                                    0x08004d46   Section        0  llushr.o(.text)
    .text                                    0x08004d66   Section        0  llsshr.o(.text)
    .text                                    0x08004d8a   Section        0  depilogue.o(.text)
    .text                                    0x08004e44   Section        0  __dclz77c.o(.text)
    i.__0printf                              0x08004ea4   Section        0  printfa.o(i.__0printf)
    i.__0sprintf                             0x08004ec4   Section        0  printfa.o(i.__0sprintf)
    i.__0vsprintf                            0x08004eec   Section        0  printfa.o(i.__0vsprintf)
    i.__scatterload_copy                     0x08004f10   Section       14  handlers.o(i.__scatterload_copy)
    i.__scatterload_null                     0x08004f1e   Section        2  handlers.o(i.__scatterload_null)
    i.__scatterload_zeroinit                 0x08004f20   Section       14  handlers.o(i.__scatterload_zeroinit)
    i._fp_digits                             0x08004f30   Section        0  printfa.o(i._fp_digits)
    _fp_digits                               0x08004f31   Thumb Code   366  printfa.o(i._fp_digits)
    i._printf_core                           0x080050b4   Section        0  printfa.o(i._printf_core)
    _printf_core                             0x080050b5   Thumb Code  1744  printfa.o(i._printf_core)
    i._printf_post_padding                   0x08005790   Section        0  printfa.o(i._printf_post_padding)
    _printf_post_padding                     0x08005791   Thumb Code    36  printfa.o(i._printf_post_padding)
    i._printf_pre_padding                    0x080057b4   Section        0  printfa.o(i._printf_pre_padding)
    _printf_pre_padding                      0x080057b5   Thumb Code    46  printfa.o(i._printf_pre_padding)
    i._sputc                                 0x080057e2   Section        0  printfa.o(i._sputc)
    _sputc                                   0x080057e3   Thumb Code    10  printfa.o(i._sputc)
    i.free                                   0x080057ec   Section        0  malloc.o(i.free)
    i.malloc                                 0x0800583c   Section        0  malloc.o(i.malloc)
    .constdata                               0x080058a8   Section     2072  oled.o(.constdata)
    .data                                    0x20000000   Section       90  main.o(.data)
    .data                                    0x2000005a   Section        4  delay.o(.data)
    fac_us                                   0x2000005a   Data           1  delay.o(.data)
    fac_ms                                   0x2000005c   Data           2  delay.o(.data)
    .data                                    0x20000060   Section        6  usart.o(.data)
    .data                                    0x20000068   Section        4  as608.o(.data)
    .data                                    0x2000006c   Section        4  usart2.o(.data)
    .data                                    0x20000070   Section       21  key.o(.data)
    .data                                    0x20000085   Section     2752  oled.o(.data)
    .data                                    0x20000b45   Section       20  stm32f10x_rcc.o(.data)
    APBAHBPrescTable                         0x20000b45   Data          16  stm32f10x_rcc.o(.data)
    ADCPrescTable                            0x20000b55   Data           4  stm32f10x_rcc.o(.data)
    .data                                    0x20000b5c   Section       20  system_stm32f10x.o(.data)
    .data                                    0x20000b70   Section        4  mvars.o(.data)
    .data                                    0x20000b74   Section        4  mvars.o(.data)
    .bss                                     0x20000b78   Section       12  main.o(.bss)
    .bss                                     0x20000b84   Section      200  usart.o(.bss)
    .bss                                     0x20000c4c   Section     2000  usart2.o(.bss)
    HEAP                                     0x20001420   Section      512  startup_stm32f10x_md.o(HEAP)
    STACK                                    0x20001620   Section     1024  startup_stm32f10x_md.o(STACK)

    Global Symbols

    Symbol Name                              Value     Ov Type        Size  Object(Section)

    BuildAttributes$$THM_ISAv4$P$D$K$B$S$PE$A:L22UL41UL21$X:L11$S22US41US21$IEEE1$IW$USESV6$~STKCKD$USESV7$~SHL$OSPACE$ROPI$EBA8$MICROLIB$REQ8$PRES8$EABIv2 0x00000000   Number         0  anon$$obj.o ABSOLUTE
    __ARM_use_no_argv                        0x00000000   Number         0  main.o ABSOLUTE
    __use_no_errno                           0x00000000   Number         0  useno.o ABSOLUTE
    __use_no_exception_handling              0x00000000   Number         0  useno.o ABSOLUTE
    __use_no_fp                              0x00000000   Number         0  useno.o ABSOLUTE
    __use_no_heap                            0x00000000   Number         0  useno.o ABSOLUTE
    __use_no_heap_region                     0x00000000   Number         0  useno.o ABSOLUTE
    __use_no_semihosting                     0x00000000   Number         0  useno.o ABSOLUTE
    __use_no_semihosting_swi                 0x00000000   Number         0  useno.o ABSOLUTE
    __use_no_signal_handling                 0x00000000   Number         0  useno.o ABSOLUTE
    _printf_a                                0x00000000   Number         0  stubs.o ABSOLUTE
    _printf_c                                0x00000000   Number         0  stubs.o ABSOLUTE
    _printf_charcount                        0x00000000   Number         0  stubs.o ABSOLUTE
    _printf_d                                0x00000000   Number         0  stubs.o ABSOLUTE
    _printf_e                                0x00000000   Number         0  stubs.o ABSOLUTE
    _printf_f                                0x00000000   Number         0  stubs.o ABSOLUTE
    _printf_flags                            0x00000000   Number         0  stubs.o ABSOLUTE
    _printf_fp_dec                           0x00000000   Number         0  stubs.o ABSOLUTE
    _printf_fp_hex                           0x00000000   Number         0  stubs.o ABSOLUTE
    _printf_g                                0x00000000   Number         0  stubs.o ABSOLUTE
    _printf_i                                0x00000000   Number         0  stubs.o ABSOLUTE
    _printf_int_dec                          0x00000000   Number         0  stubs.o ABSOLUTE
    _printf_l                                0x00000000   Number         0  stubs.o ABSOLUTE
    _printf_lc                               0x00000000   Number         0  stubs.o ABSOLUTE
    _printf_ll                               0x00000000   Number         0  stubs.o ABSOLUTE
    _printf_lld                              0x00000000   Number         0  stubs.o ABSOLUTE
    _printf_lli                              0x00000000   Number         0  stubs.o ABSOLUTE
    _printf_llo                              0x00000000   Number         0  stubs.o ABSOLUTE
    _printf_llu                              0x00000000   Number         0  stubs.o ABSOLUTE
    _printf_llx                              0x00000000   Number         0  stubs.o ABSOLUTE
    _printf_longlong_dec                     0x00000000   Number         0  stubs.o ABSOLUTE
    _printf_longlong_hex                     0x00000000   Number         0  stubs.o ABSOLUTE
    _printf_longlong_oct                     0x00000000   Number         0  stubs.o ABSOLUTE
    _printf_ls                               0x00000000   Number         0  stubs.o ABSOLUTE
    _printf_mbtowc                           0x00000000   Number         0  stubs.o ABSOLUTE
    _printf_n                                0x00000000   Number         0  stubs.o ABSOLUTE
    _printf_o                                0x00000000   Number         0  stubs.o ABSOLUTE
    _printf_p                                0x00000000   Number         0  stubs.o ABSOLUTE
    _printf_percent                          0x00000000   Number         0  stubs.o ABSOLUTE
    _printf_pre_padding                      0x00000000   Number         0  stubs.o ABSOLUTE
    _printf_return_value                     0x00000000   Number         0  stubs.o ABSOLUTE
    _printf_s                                0x00000000   Number         0  stubs.o ABSOLUTE
    _printf_sizespec                         0x00000000   Number         0  stubs.o ABSOLUTE
    _printf_str                              0x00000000   Number         0  stubs.o ABSOLUTE
    _printf_truncate_signed                  0x00000000   Number         0  stubs.o ABSOLUTE
    _printf_truncate_unsigned                0x00000000   Number         0  stubs.o ABSOLUTE
    _printf_u                                0x00000000   Number         0  stubs.o ABSOLUTE
    _printf_wc                               0x00000000   Number         0  stubs.o ABSOLUTE
    _printf_wctomb                           0x00000000   Number         0  stubs.o ABSOLUTE
    _printf_widthprec                        0x00000000   Number         0  stubs.o ABSOLUTE
    _printf_x                                0x00000000   Number         0  stubs.o ABSOLUTE
    __cpp_initialize__aeabi_                  - Undefined Weak Reference
    __cxa_finalize                            - Undefined Weak Reference
    _clock_init                               - Undefined Weak Reference
    _microlib_exit                            - Undefined Weak Reference
    __Vectors_Size                           0x000000ec   Number         0  startup_stm32f10x_md.o ABSOLUTE
    __Vectors                                0x08000000   Data           4  startup_stm32f10x_md.o(RESET)
    __Vectors_End                            0x080000ec   Data           0  startup_stm32f10x_md.o(RESET)
    __main                                   0x080000ed   Thumb Code     0  entry.o(.ARM.Collect$$$$00000000)
    _main_stk                                0x080000ed   Thumb Code     0  entry2.o(.ARM.Collect$$$$00000001)
    _main_scatterload                        0x080000f1   Thumb Code     0  entry5.o(.ARM.Collect$$$$00000004)
    __main_after_scatterload                 0x080000f5   Thumb Code     0  entry5.o(.ARM.Collect$$$$00000004)
    _main_clock                              0x080000f5   Thumb Code     0  entry7b.o(.ARM.Collect$$$$00000008)
    _main_cpp_init                           0x080000f5   Thumb Code     0  entry8b.o(.ARM.Collect$$$$0000000A)
    _main_init                               0x080000f5   Thumb Code     0  entry9a.o(.ARM.Collect$$$$0000000B)
    __rt_final_cpp                           0x080000fd   Thumb Code     0  entry10a.o(.ARM.Collect$$$$0000000D)
    __rt_final_exit                          0x080000fd   Thumb Code     0  entry11a.o(.ARM.Collect$$$$0000000F)
    Reset_Handler                            0x08000101   Thumb Code     8  startup_stm32f10x_md.o(.text)
    NMI_Handler                              0x08000109   Thumb Code     2  startup_stm32f10x_md.o(.text)
    HardFault_Handler                        0x0800010b   Thumb Code     2  startup_stm32f10x_md.o(.text)
    MemManage_Handler                        0x0800010d   Thumb Code     2  startup_stm32f10x_md.o(.text)
    BusFault_Handler                         0x0800010f   Thumb Code     2  startup_stm32f10x_md.o(.text)
    UsageFault_Handler                       0x08000111   Thumb Code     2  startup_stm32f10x_md.o(.text)
    SVC_Handler                              0x08000113   Thumb Code     2  startup_stm32f10x_md.o(.text)
    DebugMon_Handler                         0x08000115   Thumb Code     2  startup_stm32f10x_md.o(.text)
    PendSV_Handler                           0x08000117   Thumb Code     2  startup_stm32f10x_md.o(.text)
    SysTick_Handler                          0x08000119   Thumb Code     2  startup_stm32f10x_md.o(.text)
    ADC1_2_IRQHandler                        0x0800011b   Thumb Code     0  startup_stm32f10x_md.o(.text)
    CAN1_RX1_IRQHandler                      0x0800011b   Thumb Code     0  startup_stm32f10x_md.o(.text)
    CAN1_SCE_IRQHandler                      0x0800011b   Thumb Code     0  startup_stm32f10x_md.o(.text)
    DMA1_Channel1_IRQHandler                 0x0800011b   Thumb Code     0  startup_stm32f10x_md.o(.text)
    DMA1_Channel2_IRQHandler                 0x0800011b   Thumb Code     0  startup_stm32f10x_md.o(.text)
    DMA1_Channel3_IRQHandler                 0x0800011b   Thumb Code     0  startup_stm32f10x_md.o(.text)
    DMA1_Channel4_IRQHandler                 0x0800011b   Thumb Code     0  startup_stm32f10x_md.o(.text)
    DMA1_Channel5_IRQHandler                 0x0800011b   Thumb Code     0  startup_stm32f10x_md.o(.text)
    DMA1_Channel6_IRQHandler                 0x0800011b   Thumb Code     0  startup_stm32f10x_md.o(.text)
    DMA1_Channel7_IRQHandler                 0x0800011b   Thumb Code     0  startup_stm32f10x_md.o(.text)
    EXTI0_IRQHandler                         0x0800011b   Thumb Code     0  startup_stm32f10x_md.o(.text)
    EXTI15_10_IRQHandler                     0x0800011b   Thumb Code     0  startup_stm32f10x_md.o(.text)
    EXTI1_IRQHandler                         0x0800011b   Thumb Code     0  startup_stm32f10x_md.o(.text)
    EXTI2_IRQHandler                         0x0800011b   Thumb Code     0  startup_stm32f10x_md.o(.text)
    EXTI3_IRQHandler                         0x0800011b   Thumb Code     0  startup_stm32f10x_md.o(.text)
    EXTI4_IRQHandler                         0x0800011b   Thumb Code     0  startup_stm32f10x_md.o(.text)
    FLASH_IRQHandler                         0x0800011b   Thumb Code     0  startup_stm32f10x_md.o(.text)
    I2C1_ER_IRQHandler                       0x0800011b   Thumb Code     0  startup_stm32f10x_md.o(.text)
    I2C1_EV_IRQHandler                       0x0800011b   Thumb Code     0  startup_stm32f10x_md.o(.text)
    I2C2_ER_IRQHandler                       0x0800011b   Thumb Code     0  startup_stm32f10x_md.o(.text)
    I2C2_EV_IRQHandler                       0x0800011b   Thumb Code     0  startup_stm32f10x_md.o(.text)
    PVD_IRQHandler                           0x0800011b   Thumb Code     0  startup_stm32f10x_md.o(.text)
    RCC_IRQHandler                           0x0800011b   Thumb Code     0  startup_stm32f10x_md.o(.text)
    RTCAlarm_IRQHandler                      0x0800011b   Thumb Code     0  startup_stm32f10x_md.o(.text)
    RTC_IRQHandler                           0x0800011b   Thumb Code     0  startup_stm32f10x_md.o(.text)
    SPI1_IRQHandler                          0x0800011b   Thumb Code     0  startup_stm32f10x_md.o(.text)
    SPI2_IRQHandler                          0x0800011b   Thumb Code     0  startup_stm32f10x_md.o(.text)
    TAMPER_IRQHandler                        0x0800011b   Thumb Code     0  startup_stm32f10x_md.o(.text)
    TIM1_BRK_IRQHandler                      0x0800011b   Thumb Code     0  startup_stm32f10x_md.o(.text)
    TIM1_CC_IRQHandler                       0x0800011b   Thumb Code     0  startup_stm32f10x_md.o(.text)
    TIM1_TRG_COM_IRQHandler                  0x0800011b   Thumb Code     0  startup_stm32f10x_md.o(.text)
    TIM2_IRQHandler                          0x0800011b   Thumb Code     0  startup_stm32f10x_md.o(.text)
    TIM3_IRQHandler                          0x0800011b   Thumb Code     0  startup_stm32f10x_md.o(.text)
    USBWakeUp_IRQHandler                     0x0800011b   Thumb Code     0  startup_stm32f10x_md.o(.text)
    USB_HP_CAN1_TX_IRQHandler                0x0800011b   Thumb Code     0  startup_stm32f10x_md.o(.text)
    USB_LP_CAN1_RX0_IRQHandler               0x0800011b   Thumb Code     0  startup_stm32f10x_md.o(.text)
    WWDG_IRQHandler                          0x0800011b   Thumb Code     0  startup_stm32f10x_md.o(.text)
    suo_Init                                 0x08000125   Thumb Code    50  main.o(.text)
    mima_set                                 0x08000157   Thumb Code   718  main.o(.text)
    mima_dis                                 0x08000425   Thumb Code   558  main.o(.text)
    add_FR_dis                               0x08000653   Thumb Code   206  main.o(.text)
    del_FR_dis                               0x08000721   Thumb Code   206  main.o(.text)
    main                                     0x080007ef   Thumb Code   586  main.o(.text)
    delay_init                               0x08000a45   Thumb Code    50  delay.o(.text)
    delay_us                                 0x08000a77   Thumb Code    72  delay.o(.text)
    delay_ms                                 0x08000abf   Thumb Code    72  delay.o(.text)
    delay                                    0x08000b07   Thumb Code    24  delay.o(.text)
    _sys_exit                                0x08000b31   Thumb Code     4  usart.o(.text)
    fputc                                    0x08000b35   Thumb Code    24  usart.o(.text)
    uart_init                                0x08000b4d   Thumb Code   152  usart.o(.text)
    USART1_IRQHandler                        0x08000be5   Thumb Code   122  usart.o(.text)
    PS_StaGPIO_Init                          0x08000c71   Thumb Code    38  as608.o(.text)
    PS_GetImage                              0x08000dab   Thumb Code    58  as608.o(.text)
    PS_GenChar                               0x08000de5   Thumb Code    70  as608.o(.text)
    PS_Match                                 0x08000e2b   Thumb Code    58  as608.o(.text)
    PS_Search                                0x08000e65   Thumb Code   144  as608.o(.text)
    PS_RegModel                              0x08000ef5   Thumb Code    58  as608.o(.text)
    PS_StoreChar                             0x08000f2f   Thumb Code    96  as608.o(.text)
    PS_DeletChar                             0x08000f8f   Thumb Code   108  as608.o(.text)
    PS_Empty                                 0x08000ffb   Thumb Code    58  as608.o(.text)
    EnsureMessage                            0x08001035   Thumb Code   204  as608.o(.text)
    PS_WriteReg                              0x08001101   Thumb Code   108  as608.o(.text)
    PS_ReadSysPara                           0x0800116d   Thumb Code   168  as608.o(.text)
    PS_SetAddr                               0x08001215   Thumb Code   146  as608.o(.text)
    PS_WriteNotepad                          0x080012a7   Thumb Code   106  as608.o(.text)
    PS_ReadNotepad                           0x08001311   Thumb Code   658  as608.o(.text)
    PS_HighSpeedSearch                       0x080015a3   Thumb Code   144  as608.o(.text)
    PS_ValidTempleteNum                      0x08001633   Thumb Code   110  as608.o(.text)
    PS_HandShake                             0x080016a1   Thumb Code   118  as608.o(.text)
    ShowErrMessage                           0x08001735   Thumb Code    22  as608_use.o(.text)
    press_FR                                 0x0800174b   Thumb Code   166  as608_use.o(.text)
    Add_FR                                   0x080017f1   Thumb Code   808  as608_use.o(.text)
    Del_FR                                   0x08001b19   Thumb Code   350  as608_use.o(.text)
    USART2_IRQHandler                        0x08001c7d   Thumb Code    94  usart2.o(.text)
    usart2_init                              0x08001cdb   Thumb Code   190  usart2.o(.text)
    u2_printf                                0x08001d99   Thumb Code    72  usart2.o(.text)
    USART3_IRQHandler                        0x08001de1   Thumb Code   130  usart2.o(.text)
    usart3_init                              0x08001e63   Thumb Code   172  usart2.o(.text)
    u3_printf                                0x08001f0f   Thumb Code    72  usart2.o(.text)
    TIM4_IRQHandler                          0x08001f85   Thumb Code    42  timer.o(.text)
    TIM4_Int_Init                            0x08001faf   Thumb Code    90  timer.o(.text)
    TIM1_UP_IRQHandler                       0x08002009   Thumb Code    42  timer.o(.text)
    TIM1_Int_Init                            0x08002033   Thumb Code    92  timer.o(.text)
    EXTI_Configuration                       0x0800209d   Thumb Code   110  key.o(.text)
    key_Init                                 0x0800210b   Thumb Code   112  key.o(.text)
    EXTI9_5_IRQHandler                       0x0800217b   Thumb Code   408  key.o(.text)
    key_load                                 0x08002313   Thumb Code   362  key.o(.text)
    BEEP_Init                                0x080024bd   Thumb Code    46  beep.o(.text)
    IIC_Start                                0x080024f1   Thumb Code    36  oled.o(.text)
    IIC_Stop                                 0x08002515   Thumb Code    28  oled.o(.text)
    IIC_Wait_Ack                             0x08002531   Thumb Code    20  oled.o(.text)
    Write_IIC_Byte                           0x08002545   Thumb Code    80  oled.o(.text)
    Write_IIC_Command                        0x08002595   Thumb Code    44  oled.o(.text)
    Write_IIC_Data                           0x080025c1   Thumb Code    44  oled.o(.text)
    OLED_WR_Byte                             0x080025ed   Thumb Code    24  oled.o(.text)
    fill_picture                             0x08002605   Thumb Code    64  oled.o(.text)
    Delay_50ms                               0x08002645   Thumb Code    22  oled.o(.text)
    Delay_1ms                                0x0800265b   Thumb Code    26  oled.o(.text)
    OLED_Set_Pos                             0x08002675   Thumb Code    40  oled.o(.text)
    OLED_Display_On                          0x0800269d   Thumb Code    28  oled.o(.text)
    OLED_Display_Off                         0x080026b9   Thumb Code    28  oled.o(.text)
    OLED_Clear                               0x080026d5   Thumb Code    62  oled.o(.text)
    OLED_On                                  0x08002713   Thumb Code    62  oled.o(.text)
    OLED_ShowChar                            0x08002751   Thumb Code   154  oled.o(.text)
    oled_pow                                 0x080027eb   Thumb Code    22  oled.o(.text)
    OLED_ShowNum                             0x08002801   Thumb Code   136  oled.o(.text)
    OLED_ShowString                          0x08002889   Thumb Code    58  oled.o(.text)
    OLED_ShowCHinese                         0x080028c3   Thumb Code   112  oled.o(.text)
    OLED_ShowFloat                           0x08002933   Thumb Code    66  oled.o(.text)
    OLED_DrawBMP                             0x08002975   Thumb Code   118  oled.o(.text)
    OLED_Init                                0x080029eb   Thumb Code   270  oled.o(.text)
    init_hardware_pwm                        0x08002b09   Thumb Code   160  pwm.o(.text)
    NVIC_PriorityGroupConfig                 0x08002bb1   Thumb Code    10  misc.o(.text)
    NVIC_Init                                0x08002bbb   Thumb Code   100  misc.o(.text)
    NVIC_SetVectorTable                      0x08002c1f   Thumb Code    14  misc.o(.text)
    NVIC_SystemLPConfig                      0x08002c2d   Thumb Code    34  misc.o(.text)
    SysTick_CLKSourceConfig                  0x08002c4f   Thumb Code    40  misc.o(.text)
    EXTI_DeInit                              0x08002c8d   Thumb Code    28  stm32f10x_exti.o(.text)
    EXTI_Init                                0x08002ca9   Thumb Code   142  stm32f10x_exti.o(.text)
    EXTI_StructInit                          0x08002d37   Thumb Code    16  stm32f10x_exti.o(.text)
    EXTI_GenerateSWInterrupt                 0x08002d47   Thumb Code    16  stm32f10x_exti.o(.text)
    EXTI_GetFlagStatus                       0x08002d57   Thumb Code    22  stm32f10x_exti.o(.text)
    EXTI_ClearFlag                           0x08002d6d   Thumb Code     8  stm32f10x_exti.o(.text)
    EXTI_GetITStatus                         0x08002d75   Thumb Code    34  stm32f10x_exti.o(.text)
    EXTI_ClearITPendingBit                   0x08002d97   Thumb Code     8  stm32f10x_exti.o(.text)
    GPIO_DeInit                              0x08002da9   Thumb Code   172  stm32f10x_gpio.o(.text)
    GPIO_AFIODeInit                          0x08002e55   Thumb Code    20  stm32f10x_gpio.o(.text)
    GPIO_Init                                0x08002e69   Thumb Code   278  stm32f10x_gpio.o(.text)
    GPIO_StructInit                          0x08002f7f   Thumb Code    16  stm32f10x_gpio.o(.text)
    GPIO_ReadInputDataBit                    0x08002f8f   Thumb Code    18  stm32f10x_gpio.o(.text)
    GPIO_ReadInputData                       0x08002fa1   Thumb Code     8  stm32f10x_gpio.o(.text)
    GPIO_ReadOutputDataBit                   0x08002fa9   Thumb Code    18  stm32f10x_gpio.o(.text)
    GPIO_ReadOutputData                      0x08002fbb   Thumb Code     8  stm32f10x_gpio.o(.text)
    GPIO_SetBits                             0x08002fc3   Thumb Code     4  stm32f10x_gpio.o(.text)
    GPIO_ResetBits                           0x08002fc7   Thumb Code     4  stm32f10x_gpio.o(.text)
    GPIO_WriteBit                            0x08002fcb   Thumb Code    10  stm32f10x_gpio.o(.text)
    GPIO_Write                               0x08002fd5   Thumb Code     4  stm32f10x_gpio.o(.text)
    GPIO_PinLockConfig                       0x08002fd9   Thumb Code    18  stm32f10x_gpio.o(.text)
    GPIO_EventOutputConfig                   0x08002feb   Thumb Code    26  stm32f10x_gpio.o(.text)
    GPIO_EventOutputCmd                      0x08003005   Thumb Code     6  stm32f10x_gpio.o(.text)
    GPIO_PinRemapConfig                      0x0800300b   Thumb Code   138  stm32f10x_gpio.o(.text)
    GPIO_EXTILineConfig                      0x08003095   Thumb Code    66  stm32f10x_gpio.o(.text)
    GPIO_ETH_MediaInterfaceConfig            0x080030d7   Thumb Code     8  stm32f10x_gpio.o(.text)
    RCC_DeInit                               0x08003105   Thumb Code    64  stm32f10x_rcc.o(.text)
    RCC_HSEConfig                            0x08003145   Thumb Code    70  stm32f10x_rcc.o(.text)
    RCC_GetFlagStatus                        0x0800318b   Thumb Code    56  stm32f10x_rcc.o(.text)
    RCC_WaitForHSEStartUp                    0x080031c3   Thumb Code    56  stm32f10x_rcc.o(.text)
    RCC_AdjustHSICalibrationValue            0x080031fb   Thumb Code    20  stm32f10x_rcc.o(.text)
    RCC_HSICmd                               0x0800320f   Thumb Code     6  stm32f10x_rcc.o(.text)
    RCC_PLLConfig                            0x08003215   Thumb Code    24  stm32f10x_rcc.o(.text)
    RCC_PLLCmd                               0x0800322d   Thumb Code     6  stm32f10x_rcc.o(.text)
    RCC_SYSCLKConfig                         0x08003233   Thumb Code    18  stm32f10x_rcc.o(.text)
    RCC_GetSYSCLKSource                      0x08003245   Thumb Code    10  stm32f10x_rcc.o(.text)
    RCC_HCLKConfig                           0x0800324f   Thumb Code    18  stm32f10x_rcc.o(.text)
    RCC_PCLK1Config                          0x08003261   Thumb Code    18  stm32f10x_rcc.o(.text)
    RCC_PCLK2Config                          0x08003273   Thumb Code    20  stm32f10x_rcc.o(.text)
    RCC_ITConfig                             0x08003287   Thumb Code    26  stm32f10x_rcc.o(.text)
    RCC_USBCLKConfig                         0x080032a1   Thumb Code     8  stm32f10x_rcc.o(.text)
    RCC_ADCCLKConfig                         0x080032a9   Thumb Code    18  stm32f10x_rcc.o(.text)
    RCC_LSEConfig                            0x080032bb   Thumb Code    50  stm32f10x_rcc.o(.text)
    RCC_LSICmd                               0x080032ed   Thumb Code     6  stm32f10x_rcc.o(.text)
    RCC_RTCCLKConfig                         0x080032f3   Thumb Code    12  stm32f10x_rcc.o(.text)
    RCC_RTCCLKCmd                            0x080032ff   Thumb Code     8  stm32f10x_rcc.o(.text)
    RCC_GetClocksFreq                        0x08003307   Thumb Code   192  stm32f10x_rcc.o(.text)
    RCC_AHBPeriphClockCmd                    0x080033c7   Thumb Code    26  stm32f10x_rcc.o(.text)
    RCC_APB2PeriphClockCmd                   0x080033e1   Thumb Code    26  stm32f10x_rcc.o(.text)
    RCC_APB1PeriphClockCmd                   0x080033fb   Thumb Code    26  stm32f10x_rcc.o(.text)
    RCC_APB2PeriphResetCmd                   0x08003415   Thumb Code    26  stm32f10x_rcc.o(.text)
    RCC_APB1PeriphResetCmd                   0x0800342f   Thumb Code    26  stm32f10x_rcc.o(.text)
    RCC_BackupResetCmd                       0x08003449   Thumb Code     8  stm32f10x_rcc.o(.text)
    RCC_ClockSecuritySystemCmd               0x08003451   Thumb Code     6  stm32f10x_rcc.o(.text)
    RCC_MCOConfig                            0x08003457   Thumb Code     6  stm32f10x_rcc.o(.text)
    RCC_ClearFlag                            0x0800345d   Thumb Code    14  stm32f10x_rcc.o(.text)
    RCC_GetITStatus                          0x0800346b   Thumb Code    20  stm32f10x_rcc.o(.text)
    RCC_ClearITPendingBit                    0x0800347f   Thumb Code     6  stm32f10x_rcc.o(.text)
    USART_DeInit                             0x080034a9   Thumb Code   134  stm32f10x_usart.o(.text)
    USART_Init                               0x0800352f   Thumb Code   210  stm32f10x_usart.o(.text)
    USART_StructInit                         0x08003601   Thumb Code    24  stm32f10x_usart.o(.text)
    USART_ClockInit                          0x08003619   Thumb Code    34  stm32f10x_usart.o(.text)
    USART_ClockStructInit                    0x0800363b   Thumb Code    12  stm32f10x_usart.o(.text)
    USART_Cmd                                0x08003647   Thumb Code    24  stm32f10x_usart.o(.text)
    USART_ITConfig                           0x0800365f   Thumb Code    74  stm32f10x_usart.o(.text)
    USART_DMACmd                             0x080036a9   Thumb Code    18  stm32f10x_usart.o(.text)
    USART_SetAddress                         0x080036bb   Thumb Code    18  stm32f10x_usart.o(.text)
    USART_WakeUpConfig                       0x080036cd   Thumb Code    18  stm32f10x_usart.o(.text)
    USART_ReceiverWakeUpCmd                  0x080036df   Thumb Code    24  stm32f10x_usart.o(.text)
    USART_LINBreakDetectLengthConfig         0x080036f7   Thumb Code    18  stm32f10x_usart.o(.text)
    USART_LINCmd                             0x08003709   Thumb Code    24  stm32f10x_usart.o(.text)
    USART_SendData                           0x08003721   Thumb Code     8  stm32f10x_usart.o(.text)
    USART_ReceiveData                        0x08003729   Thumb Code    10  stm32f10x_usart.o(.text)
    USART_SendBreak                          0x08003733   Thumb Code    10  stm32f10x_usart.o(.text)
    USART_SetGuardTime                       0x0800373d   Thumb Code    16  stm32f10x_usart.o(.text)
    USART_SetPrescaler                       0x0800374d   Thumb Code    16  stm32f10x_usart.o(.text)
    USART_SmartCardCmd                       0x0800375d   Thumb Code    24  stm32f10x_usart.o(.text)
    USART_SmartCardNACKCmd                   0x08003775   Thumb Code    24  stm32f10x_usart.o(.text)
    USART_HalfDuplexCmd                      0x0800378d   Thumb Code    24  stm32f10x_usart.o(.text)
    USART_OverSampling8Cmd                   0x080037a5   Thumb Code    22  stm32f10x_usart.o(.text)
    USART_OneBitMethodCmd                    0x080037bb   Thumb Code    24  stm32f10x_usart.o(.text)
    USART_IrDAConfig                         0x080037d3   Thumb Code    18  stm32f10x_usart.o(.text)
    USART_IrDACmd                            0x080037e5   Thumb Code    24  stm32f10x_usart.o(.text)
    USART_GetFlagStatus                      0x080037fd   Thumb Code    26  stm32f10x_usart.o(.text)
    USART_ClearFlag                          0x08003817   Thumb Code    18  stm32f10x_usart.o(.text)
    USART_GetITStatus                        0x08003829   Thumb Code    84  stm32f10x_usart.o(.text)
    USART_ClearITPendingBit                  0x0800387d   Thumb Code    52  stm32f10x_usart.o(.text)
    TIM_DeInit                               0x080038b1   Thumb Code   424  stm32f10x_tim.o(.text)
    TIM_TimeBaseInit                         0x08003a59   Thumb Code   122  stm32f10x_tim.o(.text)
    TIM_OC1Init                              0x08003ad3   Thumb Code   132  stm32f10x_tim.o(.text)
    TIM_OC2Init                              0x08003b57   Thumb Code   154  stm32f10x_tim.o(.text)
    TIM_OC3Init                              0x08003bf1   Thumb Code   150  stm32f10x_tim.o(.text)
    TIM_OC4Init                              0x08003c87   Thumb Code   182  stm32f10x_tim.o(.text)
    TIM_SetIC4Prescaler                      0x08003d3d   Thumb Code    26  stm32f10x_tim.o(.text)
    TIM_SetIC3Prescaler                      0x08003dd9   Thumb Code    18  stm32f10x_tim.o(.text)
    TIM_SetIC2Prescaler                      0x08003e65   Thumb Code    26  stm32f10x_tim.o(.text)
    TIM_SetIC1Prescaler                      0x08003f01   Thumb Code    18  stm32f10x_tim.o(.text)
    TIM_ICInit                               0x08003f7f   Thumb Code   150  stm32f10x_tim.o(.text)
    TIM_PWMIConfig                           0x08004015   Thumb Code   124  stm32f10x_tim.o(.text)
    TIM_BDTRConfig                           0x08004091   Thumb Code    32  stm32f10x_tim.o(.text)
    TIM_TimeBaseStructInit                   0x080040b1   Thumb Code    18  stm32f10x_tim.o(.text)
    TIM_OCStructInit                         0x080040c3   Thumb Code    20  stm32f10x_tim.o(.text)
    TIM_ICStructInit                         0x080040d7   Thumb Code    18  stm32f10x_tim.o(.text)
    TIM_BDTRStructInit                       0x080040e9   Thumb Code    40  stm32f10x_tim.o(.text)
    TIM_Cmd                                  0x08004111   Thumb Code    24  stm32f10x_tim.o(.text)
    TIM_CtrlPWMOutputs                       0x08004129   Thumb Code    30  stm32f10x_tim.o(.text)
    TIM_ITConfig                             0x08004147   Thumb Code    18  stm32f10x_tim.o(.text)
    TIM_GenerateEvent                        0x08004159   Thumb Code     4  stm32f10x_tim.o(.text)
    TIM_DMAConfig                            0x0800415d   Thumb Code    10  stm32f10x_tim.o(.text)
    TIM_DMACmd                               0x08004167   Thumb Code    18  stm32f10x_tim.o(.text)
    TIM_InternalClockConfig                  0x08004179   Thumb Code    12  stm32f10x_tim.o(.text)
    TIM_SelectInputTrigger                   0x08004185   Thumb Code    18  stm32f10x_tim.o(.text)
    TIM_ITRxExternalClockConfig              0x08004197   Thumb Code    24  stm32f10x_tim.o(.text)
    TIM_TIxExternalClockConfig               0x080041af   Thumb Code    62  stm32f10x_tim.o(.text)
    TIM_ETRConfig                            0x080041ed   Thumb Code    28  stm32f10x_tim.o(.text)
    TIM_ETRClockMode1Config                  0x08004209   Thumb Code    54  stm32f10x_tim.o(.text)
    TIM_ETRClockMode2Config                  0x0800423f   Thumb Code    32  stm32f10x_tim.o(.text)
    TIM_PrescalerConfig                      0x0800425f   Thumb Code     6  stm32f10x_tim.o(.text)
    TIM_CounterModeConfig                    0x08004265   Thumb Code    18  stm32f10x_tim.o(.text)
    TIM_EncoderInterfaceConfig               0x08004277   Thumb Code    66  stm32f10x_tim.o(.text)
    TIM_ForcedOC1Config                      0x080042b9   Thumb Code    18  stm32f10x_tim.o(.text)
    TIM_ForcedOC2Config                      0x080042cb   Thumb Code    26  stm32f10x_tim.o(.text)
    TIM_ForcedOC3Config                      0x080042e5   Thumb Code    18  stm32f10x_tim.o(.text)
    TIM_ForcedOC4Config                      0x080042f7   Thumb Code    26  stm32f10x_tim.o(.text)
    TIM_ARRPreloadConfig                     0x08004311   Thumb Code    24  stm32f10x_tim.o(.text)
    TIM_SelectCOM                            0x08004329   Thumb Code    24  stm32f10x_tim.o(.text)
    TIM_SelectCCDMA                          0x08004341   Thumb Code    24  stm32f10x_tim.o(.text)
    TIM_CCPreloadControl                     0x08004359   Thumb Code    24  stm32f10x_tim.o(.text)
    TIM_OC1PreloadConfig                     0x08004371   Thumb Code    18  stm32f10x_tim.o(.text)
    TIM_OC2PreloadConfig                     0x08004383   Thumb Code    26  stm32f10x_tim.o(.text)
    TIM_OC3PreloadConfig                     0x0800439d   Thumb Code    18  stm32f10x_tim.o(.text)
    TIM_OC4PreloadConfig                     0x080043af   Thumb Code    26  stm32f10x_tim.o(.text)
    TIM_OC1FastConfig                        0x080043c9   Thumb Code    18  stm32f10x_tim.o(.text)
    TIM_OC2FastConfig                        0x080043db   Thumb Code    26  stm32f10x_tim.o(.text)
    TIM_OC3FastConfig                        0x080043f5   Thumb Code    18  stm32f10x_tim.o(.text)
    TIM_OC4FastConfig                        0x08004407   Thumb Code    26  stm32f10x_tim.o(.text)
    TIM_ClearOC1Ref                          0x08004421   Thumb Code    18  stm32f10x_tim.o(.text)
    TIM_ClearOC2Ref                          0x08004433   Thumb Code    24  stm32f10x_tim.o(.text)
    TIM_ClearOC3Ref                          0x0800444b   Thumb Code    18  stm32f10x_tim.o(.text)
    TIM_ClearOC4Ref                          0x0800445d   Thumb Code    24  stm32f10x_tim.o(.text)
    TIM_OC1PolarityConfig                    0x08004475   Thumb Code    18  stm32f10x_tim.o(.text)
    TIM_OC1NPolarityConfig                   0x08004487   Thumb Code    18  stm32f10x_tim.o(.text)
    TIM_OC2PolarityConfig                    0x08004499   Thumb Code    26  stm32f10x_tim.o(.text)
    TIM_OC2NPolarityConfig                   0x080044b3   Thumb Code    26  stm32f10x_tim.o(.text)
    TIM_OC3PolarityConfig                    0x080044cd   Thumb Code    26  stm32f10x_tim.o(.text)
    TIM_OC3NPolarityConfig                   0x080044e7   Thumb Code    26  stm32f10x_tim.o(.text)
    TIM_OC4PolarityConfig                    0x08004501   Thumb Code    26  stm32f10x_tim.o(.text)
    TIM_CCxCmd                               0x0800451b   Thumb Code    30  stm32f10x_tim.o(.text)
    TIM_CCxNCmd                              0x08004539   Thumb Code    30  stm32f10x_tim.o(.text)
    TIM_SelectOCxM                           0x08004557   Thumb Code    82  stm32f10x_tim.o(.text)
    TIM_UpdateDisableConfig                  0x080045a9   Thumb Code    24  stm32f10x_tim.o(.text)
    TIM_UpdateRequestConfig                  0x080045c1   Thumb Code    24  stm32f10x_tim.o(.text)
    TIM_SelectHallSensor                     0x080045d9   Thumb Code    24  stm32f10x_tim.o(.text)
    TIM_SelectOnePulseMode                   0x080045f1   Thumb Code    18  stm32f10x_tim.o(.text)
    TIM_SelectOutputTrigger                  0x08004603   Thumb Code    18  stm32f10x_tim.o(.text)
    TIM_SelectSlaveMode                      0x08004615   Thumb Code    18  stm32f10x_tim.o(.text)
    TIM_SelectMasterSlaveMode                0x08004627   Thumb Code    18  stm32f10x_tim.o(.text)
    TIM_SetCounter                           0x08004639   Thumb Code     4  stm32f10x_tim.o(.text)
    TIM_SetAutoreload                        0x0800463d   Thumb Code     4  stm32f10x_tim.o(.text)
    TIM_SetCompare1                          0x08004641   Thumb Code     4  stm32f10x_tim.o(.text)
    TIM_SetCompare2                          0x08004645   Thumb Code     4  stm32f10x_tim.o(.text)
    TIM_SetCompare3                          0x08004649   Thumb Code     4  stm32f10x_tim.o(.text)
    TIM_SetCompare4                          0x0800464d   Thumb Code     6  stm32f10x_tim.o(.text)
    TIM_SetClockDivision                     0x08004653   Thumb Code    18  stm32f10x_tim.o(.text)
    TIM_GetCapture1                          0x08004665   Thumb Code     6  stm32f10x_tim.o(.text)
    TIM_GetCapture2                          0x0800466b   Thumb Code     6  stm32f10x_tim.o(.text)
    TIM_GetCapture3                          0x08004671   Thumb Code     6  stm32f10x_tim.o(.text)
    TIM_GetCapture4                          0x08004677   Thumb Code     8  stm32f10x_tim.o(.text)
    TIM_GetCounter                           0x0800467f   Thumb Code     6  stm32f10x_tim.o(.text)
    TIM_GetPrescaler                         0x08004685   Thumb Code     6  stm32f10x_tim.o(.text)
    TIM_GetFlagStatus                        0x0800468b   Thumb Code    18  stm32f10x_tim.o(.text)
    TIM_ClearFlag                            0x0800469d   Thumb Code     6  stm32f10x_tim.o(.text)
    TIM_GetITStatus                          0x080046a3   Thumb Code    34  stm32f10x_tim.o(.text)
    TIM_ClearITPendingBit                    0x080046c5   Thumb Code     6  stm32f10x_tim.o(.text)
    SystemInit                               0x080047ab   Thumb Code    78  system_stm32f10x.o(.text)
    SystemCoreClockUpdate                    0x080047f9   Thumb Code   142  system_stm32f10x.o(.text)
    strstr                                   0x080048ad   Thumb Code    36  strstr.o(.text)
    strlen                                   0x080048d1   Thumb Code    14  strlen.o(.text)
    __aeabi_f2d                              0x080048df   Thumb Code    38  f2d.o(.text)
    __aeabi_uidiv                            0x08004905   Thumb Code     0  uidiv.o(.text)
    __aeabi_uidivmod                         0x08004905   Thumb Code    44  uidiv.o(.text)
    __aeabi_uldivmod                         0x08004931   Thumb Code    98  uldiv.o(.text)
    __I$use$fp                               0x08004993   Thumb Code     0  iusefp.o(.text)
    __aeabi_dadd                             0x08004993   Thumb Code   322  dadd.o(.text)
    __aeabi_dsub                             0x08004ad5   Thumb Code     6  dadd.o(.text)
    __aeabi_drsub                            0x08004adb   Thumb Code     6  dadd.o(.text)
    __aeabi_dmul                             0x08004ae1   Thumb Code   228  dmul.o(.text)
    __aeabi_ddiv                             0x08004bc5   Thumb Code   222  ddiv.o(.text)
    __aeabi_d2ulz                            0x08004ca3   Thumb Code    48  dfixul.o(.text)
    __aeabi_cdrcmple                         0x08004cd5   Thumb Code    48  cdrcmple.o(.text)
    __scatterload                            0x08004d05   Thumb Code    28  init.o(.text)
    __scatterload_rt2                        0x08004d05   Thumb Code     0  init.o(.text)
    __aeabi_llsl                             0x08004d29   Thumb Code    30  llshl.o(.text)
    _ll_shift_l                              0x08004d29   Thumb Code     0  llshl.o(.text)
    __aeabi_llsr                             0x08004d47   Thumb Code    32  llushr.o(.text)
    _ll_ushift_r                             0x08004d47   Thumb Code     0  llushr.o(.text)
    __aeabi_lasr                             0x08004d67   Thumb Code    36  llsshr.o(.text)
    _ll_sshift_r                             0x08004d67   Thumb Code     0  llsshr.o(.text)
    _double_round                            0x08004d8b   Thumb Code    30  depilogue.o(.text)
    _double_epilogue                         0x08004da9   Thumb Code   156  depilogue.o(.text)
    __decompress                             0x08004e45   Thumb Code     0  __dclz77c.o(.text)
    __decompress2                            0x08004e45   Thumb Code    94  __dclz77c.o(.text)
    __0printf                                0x08004ea5   Thumb Code    22  printfa.o(i.__0printf)
    __1printf                                0x08004ea5   Thumb Code     0  printfa.o(i.__0printf)
    __2printf                                0x08004ea5   Thumb Code     0  printfa.o(i.__0printf)
    __c89printf                              0x08004ea5   Thumb Code     0  printfa.o(i.__0printf)
    printf                                   0x08004ea5   Thumb Code     0  printfa.o(i.__0printf)
    __0sprintf                               0x08004ec5   Thumb Code    34  printfa.o(i.__0sprintf)
    __1sprintf                               0x08004ec5   Thumb Code     0  printfa.o(i.__0sprintf)
    __2sprintf                               0x08004ec5   Thumb Code     0  printfa.o(i.__0sprintf)
    __c89sprintf                             0x08004ec5   Thumb Code     0  printfa.o(i.__0sprintf)
    sprintf                                  0x08004ec5   Thumb Code     0  printfa.o(i.__0sprintf)
    __0vsprintf                              0x08004eed   Thumb Code    30  printfa.o(i.__0vsprintf)
    __1vsprintf                              0x08004eed   Thumb Code     0  printfa.o(i.__0vsprintf)
    __2vsprintf                              0x08004eed   Thumb Code     0  printfa.o(i.__0vsprintf)
    __c89vsprintf                            0x08004eed   Thumb Code     0  printfa.o(i.__0vsprintf)
    vsprintf                                 0x08004eed   Thumb Code     0  printfa.o(i.__0vsprintf)
    __scatterload_copy                       0x08004f11   Thumb Code    14  handlers.o(i.__scatterload_copy)
    __scatterload_null                       0x08004f1f   Thumb Code     2  handlers.o(i.__scatterload_null)
    __scatterload_zeroinit                   0x08004f21   Thumb Code    14  handlers.o(i.__scatterload_zeroinit)
    free                                     0x080057ed   Thumb Code    76  malloc.o(i.free)
    malloc                                   0x0800583d   Thumb Code    92  malloc.o(i.malloc)
    F6x8                                     0x080058a8   Data         552  oled.o(.constdata)
    F8X16                                    0x08005ad0   Data        1520  oled.o(.constdata)
    Region$$Table$$Base                      0x080060c0   Number         0  anon$$obj.o(Region$$Table)
    Region$$Table$$Limit                     0x080060e0   Number         0  anon$$obj.o(Region$$Table)
    ValidN                                   0x20000000   Data           2  main.o(.data)
    suo_flag                                 0x20000002   Data           1  main.o(.data)
    add_hao                                  0x20000003   Data           1  main.o(.data)
    key                                      0x20000004   Data           1  main.o(.data)
    price                                    0x20000008   Data           4  main.o(.data)
    plen                                     0x2000000c   Data           1  main.o(.data)
    key_diff                                 0x2000000d   Data           1  main.o(.data)
    key_flag                                 0x2000000e   Data           1  main.o(.data)
    xianshi                                  0x2000000f   Data          18  main.o(.data)
    str                                      0x20000021   Data           6  main.o(.data)
    KEY                                      0x20000027   Data          30  main.o(.data)
    NewKey                                   0x20000045   Data           6  main.o(.data)
    key_str                                  0x2000004b   Data           7  main.o(.data)
    mima_str                                 0x20000052   Data           6  main.o(.data)
    i                                        0x20000058   Data           1  main.o(.data)
    j                                        0x20000059   Data           1  main.o(.data)
    __stdout                                 0x20000060   Data           4  usart.o(.data)
    USART_RX_STA                             0x20000064   Data           2  usart.o(.data)
    AS608Addr                                0x20000068   Data           4  as608.o(.data)
    USART3_RX_STA                            0x2000006c   Data           2  usart2.o(.data)
    USART2_RX_STA                            0x2000006e   Data           2  usart2.o(.data)
    rowflag                                  0x20000070   Data           1  key.o(.data)
    endflag                                  0x20000071   Data           1  key.o(.data)
    linflag                                  0x20000074   Data           4  key.o(.data)
    key1_flag                                0x20000078   Data           4  key.o(.data)
    lin                                      0x2000007c   Data           4  key.o(.data)
    row                                      0x20000080   Data           4  key.o(.data)
    t                                        0x20000084   Data           1  key.o(.data)
    Hzk                                      0x20000085   Data        2752  oled.o(.data)
    SystemCoreClock                          0x20000b5c   Data           4  system_stm32f10x.o(.data)
    AHBPrescTable                            0x20000b60   Data          16  system_stm32f10x.o(.data)
    __microlib_freelist                      0x20000b70   Data           4  mvars.o(.data)
    __microlib_freelist_initialised          0x20000b74   Data           4  mvars.o(.data)
    AS608Para                                0x20000b78   Data          12  main.o(.bss)
    USART_RX_BUF                             0x20000b84   Data         200  usart.o(.bss)
    USART3_RX_BUF                            0x20000c4c   Data         600  usart2.o(.bss)
    USART3_TX_BUF                            0x20000ea4   Data         600  usart2.o(.bss)
    USART2_RX_BUF                            0x200010fc   Data         400  usart2.o(.bss)
    USART2_TX_BUF                            0x2000128c   Data         400  usart2.o(.bss)
    __heap_base                              0x20001420   Data           0  startup_stm32f10x_md.o(HEAP)
    __heap_limit                             0x20001620   Data           0  startup_stm32f10x_md.o(HEAP)
    __initial_sp                             0x20001a20   Data           0  startup_stm32f10x_md.o(STACK)



==============================================================================

Memory Map of the image

  Image Entry point : 0x080000ed

  Load Region LR_IROM1 (Base: 0x08000000, Size: 0x00006c58, Max: 0x00010000, ABSOLUTE, COMPRESSED[0x0000659c])

    Execution Region ER_IROM1 (Exec base: 0x08000000, Load base: 0x08000000, Size: 0x000060e0, Max: 0x00010000, ABSOLUTE)

    Exec Addr    Load Addr    Size         Type   Attr      Idx    E Section Name        Object

    0x08000000   0x08000000   0x000000ec   Data   RO            3    RESET               startup_stm32f10x_md.o
    0x080000ec   0x080000ec   0x00000000   Code   RO          550  * .ARM.Collect$$$$00000000  mc_w.l(entry.o)
    0x080000ec   0x080000ec   0x00000004   Code   RO          848    .ARM.Collect$$$$00000001  mc_w.l(entry2.o)
    0x080000f0   0x080000f0   0x00000004   Code   RO          851    .ARM.Collect$$$$00000004  mc_w.l(entry5.o)
    0x080000f4   0x080000f4   0x00000000   Code   RO          853    .ARM.Collect$$$$00000008  mc_w.l(entry7b.o)
    0x080000f4   0x080000f4   0x00000000   Code   RO          855    .ARM.Collect$$$$0000000A  mc_w.l(entry8b.o)
    0x080000f4   0x080000f4   0x00000008   Code   RO          856    .ARM.Collect$$$$0000000B  mc_w.l(entry9a.o)
    0x080000fc   0x080000fc   0x00000000   Code   RO          858    .ARM.Collect$$$$0000000D  mc_w.l(entry10a.o)
    0x080000fc   0x080000fc   0x00000000   Code   RO          860    .ARM.Collect$$$$0000000F  mc_w.l(entry11a.o)
    0x080000fc   0x080000fc   0x00000004   Code   RO          849    .ARM.Collect$$$$00002712  mc_w.l(entry2.o)
    0x08000100   0x08000100   0x00000024   Code   RO            4    .text               startup_stm32f10x_md.o
    0x08000124   0x08000124   0x00000920   Code   RO          157    .text               main.o
    0x08000a44   0x08000a44   0x000000ec   Code   RO          199    .text               delay.o
    0x08000b30   0x08000b30   0x00000140   Code   RO          216    .text               usart.o
    0x08000c70   0x08000c70   0x00000ac4   Code   RO          239    .text               as608.o
    0x08001734   0x08001734   0x00000548   Code   RO          267    .text               as608_use.o
    0x08001c7c   0x08001c7c   0x00000308   Code   RO          290    .text               usart2.o
    0x08001f84   0x08001f84   0x00000118   Code   RO          319    .text               timer.o
    0x0800209c   0x0800209c   0x00000420   Code   RO          335    .text               key.o
    0x080024bc   0x080024bc   0x00000034   Code   RO          354    .text               beep.o
    0x080024f0   0x080024f0   0x00000618   Code   RO          369    .text               oled.o
    0x08002b08   0x08002b08   0x000000a8   Code   RO          397    .text               pwm.o
    0x08002bb0   0x08002bb0   0x000000dc   Code   RO          412    .text               misc.o
    0x08002c8c   0x08002c8c   0x0000011c   Code   RO          424    .text               stm32f10x_exti.o
    0x08002da8   0x08002da8   0x0000035c   Code   RO          460    .text               stm32f10x_gpio.o
    0x08003104   0x08003104   0x000003a4   Code   RO          484    .text               stm32f10x_rcc.o
    0x080034a8   0x080034a8   0x00000408   Code   RO          498    .text               stm32f10x_usart.o
    0x080038b0   0x080038b0   0x00000e1a   Code   RO          510    .text               stm32f10x_tim.o
    0x080046ca   0x080046ca   0x00000002   PAD
    0x080046cc   0x080046cc   0x000001e0   Code   RO          532    .text               system_stm32f10x.o
    0x080048ac   0x080048ac   0x00000024   Code   RO          553    .text               mc_w.l(strstr.o)
    0x080048d0   0x080048d0   0x0000000e   Code   RO          555    .text               mc_w.l(strlen.o)
    0x080048de   0x080048de   0x00000026   Code   RO          846    .text               mf_w.l(f2d.o)
    0x08004904   0x08004904   0x0000002c   Code   RO          862    .text               mc_w.l(uidiv.o)
    0x08004930   0x08004930   0x00000062   Code   RO          864    .text               mc_w.l(uldiv.o)
    0x08004992   0x08004992   0x00000000   Code   RO          872    .text               mc_w.l(iusefp.o)
    0x08004992   0x08004992   0x0000014e   Code   RO          873    .text               mf_w.l(dadd.o)
    0x08004ae0   0x08004ae0   0x000000e4   Code   RO          875    .text               mf_w.l(dmul.o)
    0x08004bc4   0x08004bc4   0x000000de   Code   RO          877    .text               mf_w.l(ddiv.o)
    0x08004ca2   0x08004ca2   0x00000030   Code   RO          879    .text               mf_w.l(dfixul.o)
    0x08004cd2   0x08004cd2   0x00000002   PAD
    0x08004cd4   0x08004cd4   0x00000030   Code   RO          881    .text               mf_w.l(cdrcmple.o)
    0x08004d04   0x08004d04   0x00000024   Code   RO          883    .text               mc_w.l(init.o)
    0x08004d28   0x08004d28   0x0000001e   Code   RO          885    .text               mc_w.l(llshl.o)
    0x08004d46   0x08004d46   0x00000020   Code   RO          887    .text               mc_w.l(llushr.o)
    0x08004d66   0x08004d66   0x00000024   Code   RO          889    .text               mc_w.l(llsshr.o)
    0x08004d8a   0x08004d8a   0x000000ba   Code   RO          891    .text               mf_w.l(depilogue.o)
    0x08004e44   0x08004e44   0x0000005e   Code   RO          901    .text               mc_w.l(__dclz77c.o)
    0x08004ea2   0x08004ea2   0x00000002   PAD
    0x08004ea4   0x08004ea4   0x00000020   Code   RO          790    i.__0printf         mc_w.l(printfa.o)
    0x08004ec4   0x08004ec4   0x00000028   Code   RO          792    i.__0sprintf        mc_w.l(printfa.o)
    0x08004eec   0x08004eec   0x00000024   Code   RO          796    i.__0vsprintf       mc_w.l(printfa.o)
    0x08004f10   0x08004f10   0x0000000e   Code   RO          895    i.__scatterload_copy  mc_w.l(handlers.o)
    0x08004f1e   0x08004f1e   0x00000002   Code   RO          896    i.__scatterload_null  mc_w.l(handlers.o)
    0x08004f20   0x08004f20   0x0000000e   Code   RO          897    i.__scatterload_zeroinit  mc_w.l(handlers.o)
    0x08004f2e   0x08004f2e   0x00000002   PAD
    0x08004f30   0x08004f30   0x00000184   Code   RO          797    i._fp_digits        mc_w.l(printfa.o)
    0x080050b4   0x080050b4   0x000006dc   Code   RO          798    i._printf_core      mc_w.l(printfa.o)
    0x08005790   0x08005790   0x00000024   Code   RO          799    i._printf_post_padding  mc_w.l(printfa.o)
    0x080057b4   0x080057b4   0x0000002e   Code   RO          800    i._printf_pre_padding  mc_w.l(printfa.o)
    0x080057e2   0x080057e2   0x0000000a   Code   RO          802    i._sputc            mc_w.l(printfa.o)
    0x080057ec   0x080057ec   0x00000050   Code   RO          818    i.free              mc_w.l(malloc.o)
    0x0800583c   0x0800583c   0x0000006c   Code   RO          819    i.malloc            mc_w.l(malloc.o)
    0x080058a8   0x080058a8   0x00000818   Data   RO          370    .constdata          oled.o
    0x080060c0   0x080060c0   0x00000020   Data   RO          893    Region$$Table       anon$$obj.o


    Execution Region RW_IRAM1 (Exec base: 0x20000000, Load base: 0x080060e0, Size: 0x00001a20, Max: 0x00005000, ABSOLUTE, COMPRESSED[0x000004bc])

    Exec Addr    Load Addr    Size         Type   Attr      Idx    E Section Name        Object

    0x20000000   COMPRESSED   0x0000005a   Data   RW          159    .data               main.o
    0x2000005a   COMPRESSED   0x00000004   Data   RW          200    .data               delay.o
    0x2000005e   COMPRESSED   0x00000002   PAD
    0x20000060   COMPRESSED   0x00000006   Data   RW          218    .data               usart.o
    0x20000066   COMPRESSED   0x00000002   PAD
    0x20000068   COMPRESSED   0x00000004   Data   RW          240    .data               as608.o
    0x2000006c   COMPRESSED   0x00000004   Data   RW          292    .data               usart2.o
    0x20000070   COMPRESSED   0x00000015   Data   RW          336    .data               key.o
    0x20000085   COMPRESSED   0x00000ac0   Data   RW          371    .data               oled.o
    0x20000b45   COMPRESSED   0x00000014   Data   RW          485    .data               stm32f10x_rcc.o
    0x20000b59   COMPRESSED   0x00000003   PAD
    0x20000b5c   COMPRESSED   0x00000014   Data   RW          533    .data               system_stm32f10x.o
    0x20000b70   COMPRESSED   0x00000004   Data   RW          870    .data               mc_w.l(mvars.o)
    0x20000b74   COMPRESSED   0x00000004   Data   RW          871    .data               mc_w.l(mvars.o)
    0x20000b78        -       0x0000000c   Zero   RW          158    .bss                main.o
    0x20000b84        -       0x000000c8   Zero   RW          217    .bss                usart.o
    0x20000c4c        -       0x000007d0   Zero   RW          291    .bss                usart2.o
    0x2000141c   COMPRESSED   0x00000004   PAD
    0x20001420        -       0x00000200   Zero   RW            2    HEAP                startup_stm32f10x_md.o
    0x20001620        -       0x00000400   Zero   RW            1    STACK               startup_stm32f10x_md.o


==============================================================================

Image component sizes


      Code (inc. data)   RO Data    RW Data    ZI Data      Debug   Object Name

      2756        688          0          4          0       8722   as608.o
      1352        160          0          0          0       2616   as608_use.o
        52          6          0          0          0        488   beep.o
       236         18          0          4          0       1237   delay.o
      1056         64          0         21          0       1948   key.o
      2336        124          0         90         12       4621   main.o
       220         22          0          0          0       1761   misc.o
      1560         30       2072       2752          0       7206   oled.o
       168          8          0          0          0        752   pwm.o
        36          8        236          0       1536        836   startup_stm32f10x_md.o
       284         10          0          0          0       2219   stm32f10x_exti.o
       860         38          0          0          0       5693   stm32f10x_gpio.o
         0          0          0          0          0     253832   stm32f10x_it.o
       932         36          0         20          0       8872   stm32f10x_rcc.o
      3610         88          0          0          0      22804   stm32f10x_tim.o
      1032         22          0          0          0       8420   stm32f10x_usart.o
       480         38          0         20          0       1859   system_stm32f10x.o
       280         14          0          0          0       1257   timer.o
       320         18          0          6        200       3138   usart.o
       776         46          0          4       2000       3576   usart2.o

    ----------------------------------------------------------------------
     18348       1438       2340       2928       3752     341857   Object Totals
         0          0         32          0          0          0   (incl. Generated)
         2          0          0          7          4          0   (incl. Padding)

    ----------------------------------------------------------------------

      Code (inc. data)   RO Data    RW Data    ZI Data      Debug   Library Member Name

        94          0          0          0          0          0   __dclz77c.o
         0          0          0          0          0          0   entry.o
         0          0          0          0          0          0   entry10a.o
         0          0          0          0          0          0   entry11a.o
         8          4          0          0          0          0   entry2.o
         4          0          0          0          0          0   entry5.o
         0          0          0          0          0          0   entry7b.o
         0          0          0          0          0          0   entry8b.o
         8          4          0          0          0          0   entry9a.o
        30          0          0          0          0          0   handlers.o
        36          8          0          0          0         68   init.o
         0          0          0          0          0          0   iusefp.o
        30          0          0          0          0         68   llshl.o
        36          0          0          0          0         68   llsshr.o
        32          0          0          0          0         68   llushr.o
       188         20          0          0          0        160   malloc.o
         0          0          0          8          0          0   mvars.o
      2344        102          0          0          0        684   printfa.o
        14          0          0          0          0         68   strlen.o
        36          0          0          0          0         80   strstr.o
        44          0          0          0          0         80   uidiv.o
        98          0          0          0          0         92   uldiv.o
        48          0          0          0          0         68   cdrcmple.o
       334          0          0          0          0        148   dadd.o
       222          0          0          0          0        100   ddiv.o
       186          0          0          0          0        176   depilogue.o
        48          0          0          0          0         68   dfixul.o
       228          0          0          0          0         96   dmul.o
        38          0          0          0          0         68   f2d.o

    ----------------------------------------------------------------------
      4112        138          0          8          0       2160   Library Totals
         6          0          0          0          0          0   (incl. Padding)

    ----------------------------------------------------------------------

      Code (inc. data)   RO Data    RW Data    ZI Data      Debug   Library Name

      3002        138          0          8          0       1436   mc_w.l
      1104          0          0          0          0        724   mf_w.l

    ----------------------------------------------------------------------
      4112        138          0          8          0       2160   Library Totals

    ----------------------------------------------------------------------

==============================================================================


      Code (inc. data)   RO Data    RW Data    ZI Data      Debug   

     22460       1576       2340       2936       3752     341545   Grand Totals
     22460       1576       2340       1212       3752     341545   ELF Image Totals (compressed)
     22460       1576       2340       1212          0          0   ROM Totals

==============================================================================

    Total RO  Size (Code + RO Data)                24800 (  24.22kB)
    Total RW  Size (RW Data + ZI Data)              6688 (   6.53kB)
    Total ROM Size (Code + RO Data + RW Data)      26012 (  25.40kB)

==============================================================================

